Component: ARM Compiler 5.06 update 7 (build 960) Tool: armlink [4d3601]

==============================================================================

Section Cross References

    main.o(i.main) refers to system.o(i.System_Init) for System_Init
    main.o(i.main) refers to system.o(i.Task_Schedule) for Task_Schedule
    stm32f10x_it.o(i.TIM1_CC_IRQHandler) refers to stm32f10x_tim.o(i.TIM_GetITStatus) for TIM_GetITStatus
    stm32f10x_it.o(i.TIM1_CC_IRQHandler) refers to stm32f10x_tim.o(i.TIM_GetCapture1) for TIM_GetCapture1
    stm32f10x_it.o(i.TIM1_CC_IRQHandler) refers to stm32f10x_tim.o(i.TIM_OC1PolarityConfig) for TIM_OC1PolarityConfig
    stm32f10x_it.o(i.TIM1_CC_IRQHandler) refers to stm32f10x_tim.o(i.TIM_ClearITPendingBit) for TIM_ClearITPendingBit
    stm32f10x_it.o(i.TIM1_CC_IRQHandler) refers to rc.o(.data) for TIM_ICUserValueStructure_5
    stm32f10x_it.o(i.TIM1_CC_IRQHandler) refers to rc.o(.bss) for RC_Control
    stm32f10x_it.o(i.TIM2_IRQHandler) refers to stm32f10x_tim.o(i.TIM_GetITStatus) for TIM_GetITStatus
    stm32f10x_it.o(i.TIM2_IRQHandler) refers to stm32f10x_tim.o(i.TIM_ClearITPendingBit) for TIM_ClearITPendingBit
    stm32f10x_it.o(i.TIM2_IRQHandler) refers to stm32f10x_tim.o(i.TIM_GetCapture1) for TIM_GetCapture1
    stm32f10x_it.o(i.TIM2_IRQHandler) refers to stm32f10x_tim.o(i.TIM_OC1PolarityConfig) for TIM_OC1PolarityConfig
    stm32f10x_it.o(i.TIM2_IRQHandler) refers to stm32f10x_tim.o(i.TIM_GetCapture2) for TIM_GetCapture2
    stm32f10x_it.o(i.TIM2_IRQHandler) refers to stm32f10x_tim.o(i.TIM_OC2PolarityConfig) for TIM_OC2PolarityConfig
    stm32f10x_it.o(i.TIM2_IRQHandler) refers to stm32f10x_tim.o(i.TIM_GetCapture3) for TIM_GetCapture3
    stm32f10x_it.o(i.TIM2_IRQHandler) refers to stm32f10x_tim.o(i.TIM_OC3PolarityConfig) for TIM_OC3PolarityConfig
    stm32f10x_it.o(i.TIM2_IRQHandler) refers to stm32f10x_tim.o(i.TIM_GetCapture4) for TIM_GetCapture4
    stm32f10x_it.o(i.TIM2_IRQHandler) refers to stm32f10x_tim.o(i.TIM_OC4PolarityConfig) for TIM_OC4PolarityConfig
    stm32f10x_it.o(i.TIM2_IRQHandler) refers to rc.o(i.Remote_Data_ReceiveAnalysis) for Remote_Data_ReceiveAnalysis
    stm32f10x_it.o(i.TIM2_IRQHandler) refers to rc.o(.data) for TIM_ICUserValueStructure_1
    stm32f10x_it.o(i.TIM4_IRQHandler) refers to stm32f10x_tim.o(i.TIM_GetITStatus) for TIM_GetITStatus
    stm32f10x_it.o(i.TIM4_IRQHandler) refers to stm32f10x_tim.o(i.TIM_ClearITPendingBit) for TIM_ClearITPendingBit
    stm32f10x_it.o(i.TIM4_IRQHandler) refers to stm32f10x_it.o(.data) for ms2
    stm32f10x_it.o(i.USART1_IRQHandler) refers to stm32f10x_usart.o(i.USART_GetITStatus) for USART_GetITStatus
    stm32f10x_it.o(i.USART1_IRQHandler) refers to stm32f10x_usart.o(i.USART_ClearITPendingBit) for USART_ClearITPendingBit
    led.o(i.LEDB_1) refers to delay.o(i.Delay_ms) for Delay_ms
    led.o(i.LEDB_2) refers to delay.o(i.Delay_ms) for Delay_ms
    led.o(i.LEDB_3) refers to delay.o(i.Delay_ms) for Delay_ms
    led.o(i.LEDG_1) refers to delay.o(i.Delay_ms) for Delay_ms
    led.o(i.LEDG_2) refers to delay.o(i.Delay_ms) for Delay_ms
    led.o(i.LEDG_3) refers to delay.o(i.Delay_ms) for Delay_ms
    led.o(i.LEDR_1) refers to delay.o(i.Delay_ms) for Delay_ms
    led.o(i.LEDR_2) refers to delay.o(i.Delay_ms) for Delay_ms
    led.o(i.LEDR_3) refers to delay.o(i.Delay_ms) for Delay_ms
    led.o(i.LED_Init) refers to stm32f10x_rcc.o(i.RCC_APB2PeriphClockCmd) for RCC_APB2PeriphClockCmd
    led.o(i.LED_Init) refers to stm32f10x_gpio.o(i.GPIO_Init) for GPIO_Init
    led.o(i.LED_Init) refers to stm32f10x_gpio.o(i.GPIO_ResetBits) for GPIO_ResetBits
    delay.o(i.Delay_Init) refers to misc.o(i.SysTick_CLKSourceConfig) for SysTick_CLKSourceConfig
    delay.o(i.Delay_Init) refers to system_stm32f10x.o(.data) for SystemCoreClock
    delay.o(i.Delay_Init) refers to delay.o(.data) for D_us
    delay.o(i.Delay_ms) refers to delay.o(.data) for D_ms
    delay.o(i.Delay_us) refers to delay.o(.data) for D_us
    tim.o(i.TIM_Init) refers to stm32f10x_rcc.o(i.RCC_APB1PeriphClockCmd) for RCC_APB1PeriphClockCmd
    tim.o(i.TIM_Init) refers to stm32f10x_tim.o(i.TIM_TimeBaseInit) for TIM_TimeBaseInit
    tim.o(i.TIM_Init) refers to stm32f10x_tim.o(i.TIM_ITConfig) for TIM_ITConfig
    tim.o(i.TIM_Init) refers to stm32f10x_tim.o(i.TIM_Cmd) for TIM_Cmd
    nvic.o(i.NvicConfig) refers to misc.o(i.NVIC_PriorityGroupConfig) for NVIC_PriorityGroupConfig
    nvic.o(i.NvicConfig) refers to misc.o(i.NVIC_Init) for NVIC_Init
    motor.o(i.MOTOR_Init) refers to stm32f10x_rcc.o(i.RCC_APB2PeriphClockCmd) for RCC_APB2PeriphClockCmd
    motor.o(i.MOTOR_Init) refers to stm32f10x_rcc.o(i.RCC_APB1PeriphClockCmd) for RCC_APB1PeriphClockCmd
    motor.o(i.MOTOR_Init) refers to stm32f10x_gpio.o(i.GPIO_Init) for GPIO_Init
    motor.o(i.MOTOR_Init) refers to stm32f10x_tim.o(i.TIM_TimeBaseInit) for TIM_TimeBaseInit
    motor.o(i.MOTOR_Init) refers to stm32f10x_tim.o(i.TIM_OC1Init) for TIM_OC1Init
[...]
    Removing stm32f10x_usart.o(i.USART_ReceiveData), (10 bytes).
    Removing stm32f10x_usart.o(i.USART_ReceiverWakeUpCmd), (24 bytes).
    Removing stm32f10x_usart.o(i.USART_SendBreak), (10 bytes).
    Removing stm32f10x_usart.o(i.USART_SetAddress), (18 bytes).
    Removing stm32f10x_usart.o(i.USART_SetGuardTime), (16 bytes).
    Removing stm32f10x_usart.o(i.USART_SetPrescaler), (16 bytes).
    Removing stm32f10x_usart.o(i.USART_SmartCardCmd), (24 bytes).
    Removing stm32f10x_usart.o(i.USART_SmartCardNACKCmd), (24 bytes).
    Removing stm32f10x_usart.o(i.USART_StructInit), (24 bytes).
    Removing stm32f10x_usart.o(i.USART_WakeUpConfig), (18 bytes).
    Removing startup_stm32f10x_md.o(HEAP), (512 bytes).
    Removing system_stm32f10x.o(.rev16_text), (4 bytes).
    Removing system_stm32f10x.o(.revsh_text), (4 bytes).
    Removing system_stm32f10x.o(.rrx_text), (6 bytes).
    Removing system_stm32f10x.o(i.SystemCoreClockUpdate), (164 bytes).
    Removing dfixul.o(.text), (48 bytes).
    Removing cdrcmple.o(.text), (48 bytes).

330 unused section(s) (total 11256 bytes) removed from the image.

==============================================================================

Image Symbol Table

    Local Symbols

    Symbol Name                              Value     Ov Type        Size  Object(Section)

    ../clib/microlib/division.c              0x00000000   Number         0  uidiv.o ABSOLUTE
    ../clib/microlib/division.c              0x00000000   Number         0  uldiv.o ABSOLUTE
    ../clib/microlib/errno.c                 0x00000000   Number         0  errno.o ABSOLUTE
    ../clib/microlib/init/entry.s            0x00000000   Number         0  entry12b.o ABSOLUTE
    ../clib/microlib/init/entry.s            0x00000000   Number         0  entry5.o ABSOLUTE
    ../clib/microlib/init/entry.s            0x00000000   Number         0  entry8a.o ABSOLUTE
    ../clib/microlib/init/entry.s            0x00000000   Number         0  entry2.o ABSOLUTE
    ../clib/microlib/init/entry.s            0x00000000   Number         0  entry11b.o ABSOLUTE
    ../clib/microlib/init/entry.s            0x00000000   Number         0  entry.o ABSOLUTE
    ../clib/microlib/init/entry.s            0x00000000   Number         0  entry12a.o ABSOLUTE
    ../clib/microlib/init/entry.s            0x00000000   Number         0  entry11a.o ABSOLUTE
    ../clib/microlib/init/entry.s            0x00000000   Number         0  entry10b.o ABSOLUTE
    ../clib/microlib/init/entry.s            0x00000000   Number         0  entry7b.o ABSOLUTE
    ../clib/microlib/init/entry.s            0x00000000   Number         0  entry10a.o ABSOLUTE
    ../clib/microlib/init/entry.s            0x00000000   Number         0  entry9b.o ABSOLUTE
    ../clib/microlib/init/entry.s            0x00000000   Number         0  entry9a.o ABSOLUTE
    ../clib/microlib/init/entry.s            0x00000000   Number         0  entry8b.o ABSOLUTE
    ../clib/microlib/init/entry.s            0x00000000   Number         0  entry7a.o ABSOLUTE
    ../clib/microlib/longlong.c              0x00000000   Number         0  llushr.o ABSOLUTE
    ../clib/microlib/longlong.c              0x00000000   Number         0  llshl.o ABSOLUTE
    ../clib/microlib/longlong.c              0x00000000   Number         0  llsshr.o ABSOLUTE
    ../clib/microlib/printf/printf.c         0x00000000   Number         0  printf6.o ABSOLUTE
    ../clib/microlib/printf/printf.c         0x00000000   Number         0  printf5.o ABSOLUTE
    ../clib/microlib/printf/printf.c         0x00000000   Number         0  printf4.o ABSOLUTE
    ../clib/microlib/printf/printf.c         0x00000000   Number         0  printf3.o ABSOLUTE
    ../clib/microlib/printf/printf.c         0x00000000   Number         0  printf2.o ABSOLUTE
    ../clib/microlib/printf/printf.c         0x00000000   Number         0  printfa.o ABSOLUTE
    ../clib/microlib/printf/printf.c         0x00000000   Number         0  printf1.o ABSOLUTE
    ../clib/microlib/printf/printf.c         0x00000000   Number         0  printfb.o ABSOLUTE
    ../clib/microlib/printf/printf.c         0x00000000   Number         0  printf7.o ABSOLUTE
    ../clib/microlib/printf/printf.c         0x00000000   Number         0  printf0.o ABSOLUTE
    ../clib/microlib/printf/printf.c         0x00000000   Number         0  printf8.o ABSOLUTE
    ../clib/microlib/stdio/streams.c         0x00000000   Number         0  stdout.o ABSOLUTE
    ../clib/microlib/string/memcpy.c         0x00000000   Number         0  memcpya.o ABSOLUTE
    ../clib/microlib/string/memcpy.c         0x00000000   Number         0  memcpyb.o ABSOLUTE
    ../clib/microlib/stubs.s                 0x00000000   Number         0  iusefp.o ABSOLUTE
    ../fplib/microlib/d2f.c                  0x00000000   Number         0  d2f.o ABSOLUTE
    ../fplib/microlib/f2d.c                  0x00000000   Number         0  f2d.o ABSOLUTE
    ../fplib/microlib/fpadd.c                0x00000000   Number         0  dadd.o ABSOLUTE
    ../fplib/microlib/fpadd.c                0x00000000   Number         0  fadd.o ABSOLUTE
    ../fplib/microlib/fpdiv.c                0x00000000   Number         0  fdiv.o ABSOLUTE
    ../fplib/microlib/fpdiv.c                0x00000000   Number         0  ddiv.o ABSOLUTE
    ../fplib/microlib/fpepilogue.c           0x00000000   Number         0  depilogue.o ABSOLUTE
    ../fplib/microlib/fpepilogue.c           0x00000000   Number         0  fepilogue.o ABSOLUTE
    ../fplib/microlib/fpfix.c                0x00000000   Number         0  ffixi.o ABSOLUTE
    ../fplib/microlib/fpfix.c                0x00000000   Number         0  dfixul.o ABSOLUTE
    ../fplib/microlib/fpflt.c                0x00000000   Number         0  ffltui.o ABSOLUTE
    ../fplib/microlib/fpflt.c                0x00000000   Number         0  fflti.o ABSOLUTE
    ../fplib/microlib/fpmul.c                0x00000000   Number         0  dmul.o ABSOLUTE
    ../fplib/microlib/fpmul.c                0x00000000   Number         0  fmul.o ABSOLUTE
    ../fplib/microlib/fpscalb.c              0x00000000   Number         0  dscalb.o ABSOLUTE
    ../fplib/microlib/fpsqrt.c               0x00000000   Number         0  dsqrt.o ABSOLUTE
    ../mathlib/asin.c                        0x00000000   Number         0  asin_x.o ABSOLUTE
    ../mathlib/asin.c                        0x00000000   Number         0  asin.o ABSOLUTE
    ../mathlib/atan.c                        0x00000000   Number         0  atan.o ABSOLUTE
    ../mathlib/atan.c                        0x00000000   Number         0  atan_x.o ABSOLUTE
    ../mathlib/atan2.c                       0x00000000   Number         0  atan2.o ABSOLUTE
    ../mathlib/atan2.c                       0x00000000   Number         0  atan2_x.o ABSOLUTE
    ../mathlib/dunder.c                      0x00000000   Number         0  dunder.o ABSOLUTE
    ../mathlib/fpclassify.c                  0x00000000   Number         0  fpclassify.o ABSOLUTE
    ../mathlib/poly.c                        0x00000000   Number         0  poly.o ABSOLUTE
    ../mathlib/qnan.c                        0x00000000   Number         0  qnan.o ABSOLUTE
    ../mathlib/sqrt.c                        0x00000000   Number         0  sqrt_x.o ABSOLUTE
    ../mathlib/sqrt.c                        0x00000000   Number         0  sqrt.o ABSOLUTE
    C:\\myprogram\\Keil_v5\\Packs\\Keil\\STM32F1xx_DFP\\2.4.0\\Device\\StdPeriph_Driver\\src\\misc.c 0x00000000   Number         0  misc.o ABSOLUTE
    C:\\myprogram\\Keil_v5\\Packs\\Keil\\STM32F1xx_DFP\\2.4.0\\Device\\StdPeriph_Driver\\src\\stm32f10x_adc.c 0x00000000   Number         0  stm32f10x_adc.o ABSOLUTE
    C:\\myprogram\\Keil_v5\\Packs\\Keil\\STM32F1xx_DFP\\2.4.0\\Device\\StdPeriph_Driver\\src\\stm32f10x_exti.c 0x00000000   Number         0  stm32f10x_exti.o ABSOLUTE
    C:\\myprogram\\Keil_v5\\Packs\\Keil\\STM32F1xx_DFP\\2.4.0\\Device\\StdPeriph_Driver\\src\\stm32f10x_flash.c 0x00000000   Number         0  stm32f10x_flash.o ABSOLUTE
    C:\\myprogram\\Keil_v5\\Packs\\Keil\\STM32F1xx_DFP\\2.4.0\\Device\\StdPeriph_Driver\\src\\stm32f10x_gpio.c 0x00000000   Number         0  stm32f10x_gpio.o ABSOLUTE
    C:\\myprogram\\Keil_v5\\Packs\\Keil\\STM32F1xx_DFP\\2.4.0\\Device\\StdPeriph_Driver\\src\\stm32f10x_rcc.c 0x00000000   Number         0  stm32f10x_rcc.o ABSOLUTE
    C:\\myprogram\\Keil_v5\\Packs\\Keil\\STM32F1xx_DFP\\2.4.0\\Device\\StdPeriph_Driver\\src\\stm32f10x_spi.c 0x00000000   Number         0  stm32f10x_spi.o ABSOLUTE
    C:\\myprogram\\Keil_v5\\Packs\\Keil\\STM32F1xx_DFP\\2.4.0\\Device\\StdPeriph_Driver\\src\\stm32f10x_tim.c 0x00000000   Number         0  stm32f10x_tim.o ABSOLUTE
    C:\\myprogram\\Keil_v5\\Packs\\Keil\\STM32F1xx_DFP\\2.4.0\\Device\\StdPeriph_Driver\\src\\stm32f10x_usart.c 0x00000000   Number         0  stm32f10x_usart.o ABSOLUTE
    C:\myprogram\Keil_v5\Packs\Keil\STM32F1xx_DFP\2.4.0\Device\StdPeriph_Driver\src\misc.c 0x00000000   Number         0  misc.o ABSOLUTE
    C:\myprogram\Keil_v5\Packs\Keil\STM32F1xx_DFP\2.4.0\Device\StdPeriph_Driver\src\stm32f10x_adc.c 0x00000000   Number         0  stm32f10x_adc.o ABSOLUTE
    C:\myprogram\Keil_v5\Packs\Keil\STM32F1xx_DFP\2.4.0\Device\StdPeriph_Driver\src\stm32f10x_exti.c 0x00000000   Number         0  stm32f10x_exti.o ABSOLUTE
    C:\myprogram\Keil_v5\Packs\Keil\STM32F1xx_DFP\2.4.0\Device\StdPeriph_Driver\src\stm32f10x_flash.c 0x00000000   Number         0  stm32f10x_flash.o ABSOLUTE
    C:\myprogram\Keil_v5\Packs\Keil\STM32F1xx_DFP\2.4.0\Device\StdPeriph_Driver\src\stm32f10x_gpio.c 0x00000000   Number         0  stm32f10x_gpio.o ABSOLUTE
    C:\myprogram\Keil_v5\Packs\Keil\STM32F1xx_DFP\2.4.0\Device\StdPeriph_Driver\src\stm32f10x_rcc.c 0x00000000   Number         0  stm32f10x_rcc.o ABSOLUTE
    C:\myprogram\Keil_v5\Packs\Keil\STM32F1xx_DFP\2.4.0\Device\StdPeriph_Driver\src\stm32f10x_spi.c 0x00000000   Number         0  stm32f10x_spi.o ABSOLUTE
    C:\myprogram\Keil_v5\Packs\Keil\STM32F1xx_DFP\2.4.0\Device\StdPeriph_Driver\src\stm32f10x_tim.c 0x00000000   Number         0  stm32f10x_tim.o ABSOLUTE
    C:\myprogram\Keil_v5\Packs\Keil\STM32F1xx_DFP\2.4.0\Device\StdPeriph_Driver\src\stm32f10x_usart.c 0x00000000   Number         0  stm32f10x_usart.o ABSOLUTE
    CONTROL\\control.c                       0x00000000   Number         0  control.o ABSOLUTE
    CONTROL\\pid.c                           0x00000000   Number         0  pid.o ABSOLUTE
    CONTROL\control.c                        0x00000000   Number         0  control.o ABSOLUTE
    CONTROL\pid.c                            0x00000000   Number         0  pid.o ABSOLUTE
    Drive\\src\\RC.c                         0x00000000   Number         0  rc.o ABSOLUTE
    Drive\\src\\delay.c                      0x00000000   Number         0  delay.o ABSOLUTE
    Drive\\src\\iic.c                        0x00000000   Number         0  iic.o ABSOLUTE
    Drive\\src\\led.c                        0x00000000   Number         0  led.o ABSOLUTE
    Drive\\src\\motor.c                      0x00000000   Number         0  motor.o ABSOLUTE
    Drive\\src\\mpu6050.c                    0x00000000   Number         0  mpu6050.o ABSOLUTE
    Drive\\src\\nvic.c                       0x00000000   Number         0  nvic.o ABSOLUTE
    Drive\\src\\system.c                     0x00000000   Number         0  system.o ABSOLUTE
    Drive\\src\\tim.c                        0x00000000   Number         0  tim.o ABSOLUTE
    Drive\\src\\usart.c                      0x00000000   Number         0  usart.o ABSOLUTE
    Drive\src\RC.c                           0x00000000   Number         0  rc.o ABSOLUTE
    Drive\src\delay.c                        0x00000000   Number         0  delay.o ABSOLUTE
    Drive\src\iic.c                          0x00000000   Number         0  iic.o ABSOLUTE
    Drive\src\led.c                          0x00000000   Number         0  led.o ABSOLUTE
    Drive\src\motor.c                        0x00000000   Number         0  motor.o ABSOLUTE
    Drive\src\mpu6050.c                      0x00000000   Number         0  mpu6050.o ABSOLUTE
    Drive\src\nvic.c                         0x00000000   Number         0  nvic.o ABSOLUTE
    Drive\src\system.c                       0x00000000   Number         0  system.o ABSOLUTE
    Drive\src\tim.c                          0x00000000   Number         0  tim.o ABSOLUTE
    Drive\src\usart.c                        0x00000000   Number         0  usart.o ABSOLUTE
    IMU\\filter.c                            0x00000000   Number         0  filter.o ABSOLUTE
    IMU\\imu.c                               0x00000000   Number         0  imu.o ABSOLUTE
    IMU\filter.c                             0x00000000   Number         0  filter.o ABSOLUTE
    IMU\imu.c                                0x00000000   Number         0  imu.o ABSOLUTE
    RTE\Device\STM32F103C8\startup_stm32f10x_md.s 0x00000000   Number         0  startup_stm32f10x_md.o ABSOLUTE
    RTE\Device\STM32F103C8\system_stm32f10x.c 0x00000000   Number         0  system_stm32f10x.o ABSOLUTE
    RTE\\Device\\STM32F103C8\\system_stm32f10x.c 0x00000000   Number         0  system_stm32f10x.o ABSOLUTE
    USER\\main.c                             0x00000000   Number         0  main.o ABSOLUTE
    USER\\stm32f10x_it.c                     0x00000000   Number         0  stm32f10x_it.o ABSOLUTE
    USER\main.c                              0x00000000   Number         0  main.o ABSOLUTE
    USER\stm32f10x_it.c                      0x00000000   Number         0  stm32f10x_it.o ABSOLUTE
    cdcmple.s                                0x00000000   Number         0  cdcmple.o ABSOLUTE
    cdrcmple.s                               0x00000000   Number         0  cdrcmple.o ABSOLUTE
    cfcmple.s                                0x00000000   Number         0  cfcmple.o ABSOLUTE
    cfrcmple.s                               0x00000000   Number         0  cfrcmple.o ABSOLUTE
    dc.s                                     0x00000000   Number         0  dc.o ABSOLUTE
    handlers.s                               0x00000000   Number         0  handlers.o ABSOLUTE
    init.s                                   0x00000000   Number         0  init.o ABSOLUTE
    RESET                                    0x08000000   Section      236  startup_stm32f10x_md.o(RESET)
    .ARM.Collect$$$$00000000                 0x080000ec   Section        0  entry.o(.ARM.Collect$$$$00000000)
    .ARM.Collect$$$$00000001                 0x080000ec   Section        4  entry2.o(.ARM.Collect$$$$00000001)
    .ARM.Collect$$$$00000004                 0x080000f0   Section        4  entry5.o(.ARM.Collect$$$$00000004)
    .ARM.Collect$$$$00000008                 0x080000f4   Section        0  entry7b.o(.ARM.Collect$$$$00000008)
    .ARM.Collect$$$$0000000A                 0x080000f4   Section        0  entry8b.o(.ARM.Collect$$$$0000000A)
    .ARM.Collect$$$$0000000B                 0x080000f4   Section        8  entry9a.o(.ARM.Collect$$$$0000000B)
    .ARM.Collect$$$$0000000E                 0x080000fc   Section        4  entry12b.o(.ARM.Collect$$$$0000000E)
    .ARM.Collect$$$$0000000F                 0x08000100   Section        0  entry10a.o(.ARM.Collect$$$$0000000F)
    .ARM.Collect$$$$00000011                 0x08000100   Section        0  entry11a.o(.ARM.Collect$$$$00000011)
    .ARM.Collect$$$$00002712                 0x08000100   Section        4  entry2.o(.ARM.Collect$$$$00002712)
    __lit__00000000                          0x08000100   Data           4  entry2.o(.ARM.Collect$$$$00002712)
    .text                                    0x08000104   Section       36  startup_stm32f10x_md.o(.text)
    .text                                    0x08000128   Section        0  memcpya.o(.text)
    .text                                    0x0800014c   Section        0  fadd.o(.text)
    .text                                    0x080001fc   Section        0  fmul.o(.text)
    .text                                    0x08000260   Section        0  fdiv.o(.text)
    .text                                    0x080002dc   Section        0  dmul.o(.text)
    .text                                    0x080003c0   Section        0  ddiv.o(.text)
    .text                                    0x0800049e   Section        0  fflti.o(.text)
    .text                                    0x080004b0   Section        0  ffltui.o(.text)
    .text                                    0x080004ba   Section        0  ffixi.o(.text)
    .text                                    0x080004ec   Section        0  f2d.o(.text)
    .text                                    0x08000512   Section        0  d2f.o(.text)
    .text                                    0x0800054c   Section       20  cfcmple.o(.text)
    .text                                    0x08000560   Section       20  cfrcmple.o(.text)
    .text                                    0x08000574   Section        0  fepilogue.o(.text)
    .text                                    0x08000574   Section        0  iusefp.o(.text)
    .text                                    0x080005e2   Section        0  depilogue.o(.text)
    .text                                    0x0800069c   Section        0  dadd.o(.text)
    .text                                    0x080007ea   Section        0  dscalb.o(.text)
    .text                                    0x08000818   Section       48  cdcmple.o(.text)
    .text                                    0x08000848   Section       36  init.o(.text)
    .text                                    0x0800086c   Section        0  llshl.o(.text)
    .text                                    0x0800088a   Section        0  llushr.o(.text)
    .text                                    0x080008aa   Section        0  llsshr.o(.text)
    .text                                    0x080008ce   Section        0  dsqrt.o(.text)
    i.Control                                0x08000970   Section        0  control.o(i.Control)
    i.Delay_Init                             0x08000cb0   Section        0  delay.o(i.Delay_Init)
    i.Delay_ms                               0x08000cf4   Section        0  delay.o(i.Delay_ms)
    i.Delay_us                               0x08000d3c   Section        0  delay.o(i.Delay_us)
    i.FindPos                                0x08000d84   Section        0  filter.o(i.FindPos)
    i.GENERAL_TIM_GPIO_Config                0x08000de0   Section        0  rc.o(i.GENERAL_TIM_GPIO_Config)
    GENERAL_TIM_GPIO_Config                  0x08000de1   Thumb Code    34  rc.o(i.GENERAL_TIM_GPIO_Config)
    i.GENERAL_TIM_Init                       0x08000e08   Section        0  rc.o(i.GENERAL_TIM_Init)
    i.GENERAL_TIM_Mode_Config                0x08000e14   Section        0  rc.o(i.GENERAL_TIM_Mode_Config)
    GENERAL_TIM_Mode_Config                  0x08000e15   Thumb Code   336  rc.o(i.GENERAL_TIM_Mode_Config)
    i.GPIO_Init                              0x08000f68   Section        0  stm32f10x_gpio.o(i.GPIO_Init)
    i.GPIO_ResetBits                         0x0800107e   Section        0  stm32f10x_gpio.o(i.GPIO_ResetBits)
    i.GPIO_SetBits                           0x08001082   Section        0  stm32f10x_gpio.o(i.GPIO_SetBits)
    i.IIC_Ack                                0x08001088   Section        0  iic.o(i.IIC_Ack)
    i.IIC_GPIO_Init                          0x080010bc   Section        0  iic.o(i.IIC_GPIO_Init)
    i.IIC_NAck                               0x080010f0   Section        0  iic.o(i.IIC_NAck)
    i.IIC_ReadByte                           0x08001124   Section        0  iic.o(i.IIC_ReadByte)
    i.IIC_ReadByteFromSlave                  0x0800117c   Section        0  iic.o(i.IIC_ReadByteFromSlave)
    i.IIC_ReadMultByteFromSlave              0x080011c6   Section        0  iic.o(i.IIC_ReadMultByteFromSlave)
    i.IIC_SendByte                           0x08001238   Section        0  iic.o(i.IIC_SendByte)
    i.IIC_Start                              0x08001294   Section        0  iic.o(i.IIC_Start)
    i.IIC_Stop                               0x080012c8   Section        0  iic.o(i.IIC_Stop)
    i.IIC_WaitAck                            0x080012f8   Section        0  iic.o(i.IIC_WaitAck)
    i.IIC_WriteByteToSlave                   0x08001348   Section        0  iic.o(i.IIC_WriteByteToSlave)
    i.IMUupdate                              0x08001390   Section        0  imu.o(i.IMUupdate)
    i.LEDB_3                                 0x080019a8   Section        0  led.o(i.LEDB_3)
    i.LEDR_2                                 0x08001a28   Section        0  led.o(i.LEDR_2)
    i.LED_Init                               0x08001a80   Section        0  led.o(i.LED_Init)
    i.MOTOR_Init                             0x08001acc   Section        0  motor.o(i.MOTOR_Init)
    i.MPU6050_Check                          0x08001be4   Section        0  mpu6050.o(i.MPU6050_Check)
    i.MPU6050_Init                           0x08001c14   Section        0  mpu6050.o(i.MPU6050_Init)
    i.MPU6050_OffSet                         0x08001c64   Section        0  mpu6050.o(i.MPU6050_OffSet)
    i.MPU6050_Offset                         0x08001d8c   Section        0  mpu6050.o(i.MPU6050_Offset)
    i.MPU6050_Read                           0x08001ea4   Section        0  mpu6050.o(i.MPU6050_Read)
    i.MPU6050_ReadByte                       0x08001eb8   Section        0  mpu6050.o(i.MPU6050_ReadByte)
    i.MPU6050_ReadMultBytes                  0x08001ed2   Section        0  mpu6050.o(i.MPU6050_ReadMultBytes)
    i.MPU6050_WriteByte                      0x08001ef0   Section        0  mpu6050.o(i.MPU6050_WriteByte)
    i.MPU6050_getDeviceID                    0x08001f0a   Section        0  mpu6050.o(i.MPU6050_getDeviceID)
    i.MPU6050_testConnection                 0x08001f1a   Section        0  mpu6050.o(i.MPU6050_testConnection)
    i.Moto_Pwm                               0x08001f2c   Section        0  motor.o(i.Moto_Pwm)
    i.NVIC_Init                              0x08001f94   Section        0  misc.o(i.NVIC_Init)
    i.NVIC_PriorityGroupConfig               0x08002004   Section        0  misc.o(i.NVIC_PriorityGroupConfig)
    i.NvicConfig                             0x08002018   Section        0  nvic.o(i.NvicConfig)
    i.PID_Postion_Cal                        0x080020cc   Section        0  pid.o(i.PID_Postion_Cal)
    i.PidParameter_init                      0x080021ac   Section        0  pid.o(i.PidParameter_init)
    i.Prepare_Data                           0x0800228c   Section        0  imu.o(i.Prepare_Data)
    i.QuiteSort                              0x08002414   Section        0  filter.o(i.QuiteSort)
    i.RCC_APB1PeriphClockCmd                 0x0800244c   Section        0  stm32f10x_rcc.o(i.RCC_APB1PeriphClockCmd)
    i.RCC_APB2PeriphClockCmd                 0x0800246c   Section        0  stm32f10x_rcc.o(i.RCC_APB2PeriphClockCmd)
    i.RCC_GetClocksFreq                      0x0800248c   Section        0  stm32f10x_rcc.o(i.RCC_GetClocksFreq)
    i.Remote_Data_ReceiveAnalysis            0x08002560   Section        0  rc.o(i.Remote_Data_ReceiveAnalysis)
    i.SDA_IN                                 0x08002608   Section        0  iic.o(i.SDA_IN)
    i.SDA_OUT                                0x0800262c   Section        0  iic.o(i.SDA_OUT)
    i.SetSysClock                            0x08002658   Section        0  system_stm32f10x.o(i.SetSysClock)
    SetSysClock                              0x08002659   Thumb Code     8  system_stm32f10x.o(i.SetSysClock)
    i.SetSysClockTo72                        0x08002660   Section        0  system_stm32f10x.o(i.SetSysClockTo72)
    SetSysClockTo72                          0x08002661   Thumb Code   214  system_stm32f10x.o(i.SetSysClockTo72)
    i.SortAver_FilterXYZ                     0x08002740   Section        0  filter.o(i.SortAver_FilterXYZ)
    i.SysTick_CLKSourceConfig                0x0800285c   Section        0  misc.o(i.SysTick_CLKSourceConfig)
    i.SystemInit                             0x08002884   Section        0  system_stm32f10x.o(i.SystemInit)
    i.System_Init                            0x080028e4   Section        0  system.o(i.System_Init)
    i.TI1_Config                             0x08002914   Section        0  stm32f10x_tim.o(i.TI1_Config)
    TI1_Config                               0x08002915   Thumb Code   108  stm32f10x_tim.o(i.TI1_Config)
    i.TI2_Config                             0x08002994   Section        0  stm32f10x_tim.o(i.TI2_Config)
    TI2_Config                               0x08002995   Thumb Code   130  stm32f10x_tim.o(i.TI2_Config)
    i.TI3_Config                             0x08002a2c   Section        0  stm32f10x_tim.o(i.TI3_Config)
    TI3_Config                               0x08002a2d   Thumb Code   122  stm32f10x_tim.o(i.TI3_Config)
    i.TI4_Config                             0x08002abc   Section        0  stm32f10x_tim.o(i.TI4_Config)
    TI4_Config                               0x08002abd   Thumb Code   130  stm32f10x_tim.o(i.TI4_Config)
    i.TIM1_CC_IRQHandler                     0x08002b54   Section        0  stm32f10x_it.o(i.TIM1_CC_IRQHandler)
    i.TIM2_IRQHandler                        0x08002be8   Section        0  stm32f10x_it.o(i.TIM2_IRQHandler)
    i.TIM4_IRQHandler                        0x08002d64   Section        0  stm32f10x_it.o(i.TIM4_IRQHandler)
    i.TIM_ClearFlag                          0x08002e48   Section        0  stm32f10x_tim.o(i.TIM_ClearFlag)
    i.TIM_ClearITPendingBit                  0x08002e4e   Section        0  stm32f10x_tim.o(i.TIM_ClearITPendingBit)
    i.TIM_Cmd                                0x08002e54   Section        0  stm32f10x_tim.o(i.TIM_Cmd)
    i.TIM_GetCapture1                        0x08002e6c   Section        0  stm32f10x_tim.o(i.TIM_GetCapture1)
    i.TIM_GetCapture2                        0x08002e72   Section        0  stm32f10x_tim.o(i.TIM_GetCapture2)
    i.TIM_GetCapture3                        0x08002e78   Section        0  stm32f10x_tim.o(i.TIM_GetCapture3)
    i.TIM_GetCapture4                        0x08002e7e   Section        0  stm32f10x_tim.o(i.TIM_GetCapture4)
    i.TIM_GetITStatus                        0x08002e86   Section        0  stm32f10x_tim.o(i.TIM_GetITStatus)
    i.TIM_ICInit                             0x08002ea8   Section        0  stm32f10x_tim.o(i.TIM_ICInit)
    i.TIM_ITConfig                           0x08002f54   Section        0  stm32f10x_tim.o(i.TIM_ITConfig)
    i.TIM_Init                               0x08002f68   Section        0  tim.o(i.TIM_Init)
    i.TIM_OC1Init                            0x08002fac   Section        0  stm32f10x_tim.o(i.TIM_OC1Init)
    i.TIM_OC1PolarityConfig                  0x08003044   Section        0  stm32f10x_tim.o(i.TIM_OC1PolarityConfig)
    i.TIM_OC1PreloadConfig                   0x08003056   Section        0  stm32f10x_tim.o(i.TIM_OC1PreloadConfig)
    i.TIM_OC2Init                            0x08003068   Section        0  stm32f10x_tim.o(i.TIM_OC2Init)
    i.TIM_OC2PolarityConfig                  0x0800310c   Section        0  stm32f10x_tim.o(i.TIM_OC2PolarityConfig)
    i.TIM_OC2PreloadConfig                   0x08003126   Section        0  stm32f10x_tim.o(i.TIM_OC2PreloadConfig)
    i.TIM_OC3Init                            0x08003140   Section        0  stm32f10x_tim.o(i.TIM_OC3Init)
    i.TIM_OC3PolarityConfig                  0x080031e0   Section        0  stm32f10x_tim.o(i.TIM_OC3PolarityConfig)
    i.TIM_OC3PreloadConfig                   0x080031fa   Section        0  stm32f10x_tim.o(i.TIM_OC3PreloadConfig)
    i.TIM_OC4Init                            0x0800320c   Section        0  stm32f10x_tim.o(i.TIM_OC4Init)
    i.TIM_OC4PolarityConfig                  0x08003288   Section        0  stm32f10x_tim.o(i.TIM_OC4PolarityConfig)
    i.TIM_OC4PreloadConfig                   0x080032a2   Section        0  stm32f10x_tim.o(i.TIM_OC4PreloadConfig)
    i.TIM_SetIC1Prescaler                    0x080032bc   Section        0  stm32f10x_tim.o(i.TIM_SetIC1Prescaler)
    i.TIM_SetIC2Prescaler                    0x080032ce   Section        0  stm32f10x_tim.o(i.TIM_SetIC2Prescaler)
    i.TIM_SetIC3Prescaler                    0x080032e8   Section        0  stm32f10x_tim.o(i.TIM_SetIC3Prescaler)
    i.TIM_SetIC4Prescaler                    0x080032fa   Section        0  stm32f10x_tim.o(i.TIM_SetIC4Prescaler)
    i.TIM_TimeBaseInit                       0x08003314   Section        0  stm32f10x_tim.o(i.TIM_TimeBaseInit)
    i.Task_Schedule                          0x080033b8   Section        0  system.o(i.Task_Schedule)
    i.USART1_IRQHandler                      0x080034dc   Section        0  stm32f10x_it.o(i.USART1_IRQHandler)
    i.USART_ClearITPendingBit                0x08003518   Section        0  stm32f10x_usart.o(i.USART_ClearITPendingBit)
    i.USART_Cmd                              0x08003536   Section        0  stm32f10x_usart.o(i.USART_Cmd)
    i.USART_GetFlagStatus                    0x0800354e   Section        0  stm32f10x_usart.o(i.USART_GetFlagStatus)
    i.USART_GetITStatus                      0x08003568   Section        0  stm32f10x_usart.o(i.USART_GetITStatus)
    i.USART_ITConfig                         0x080035bc   Section        0  stm32f10x_usart.o(i.USART_ITConfig)
    i.USART_Init                             0x08003608   Section        0  stm32f10x_usart.o(i.USART_Init)
    i.USART_SendData                         0x080036e0   Section        0  stm32f10x_usart.o(i.USART_SendData)
    i.USART_init                             0x080036e8   Section        0  usart.o(i.USART_init)
    i.__0printf$bare                         0x0800377c   Section        0  printfb.o(i.__0printf$bare)
    i.__ARM_fpclassify                       0x0800378c   Section        0  fpclassify.o(i.__ARM_fpclassify)
    i.__kernel_poly                          0x080037b4   Section        0  poly.o(i.__kernel_poly)
    i.__mathlib_dbl_infnan                   0x0800385e   Section        0  dunder.o(i.__mathlib_dbl_infnan)
    i.__mathlib_dbl_infnan2                  0x08003864   Section        0  dunder.o(i.__mathlib_dbl_infnan2)
    i.__mathlib_dbl_invalid                  0x08003868   Section        0  dunder.o(i.__mathlib_dbl_invalid)
    i.__mathlib_dbl_underflow                0x08003874   Section        0  dunder.o(i.__mathlib_dbl_underflow)
    i.__scatterload_copy                     0x08003884   Section       14  handlers.o(i.__scatterload_copy)
    i.__scatterload_null                     0x08003892   Section        2  handlers.o(i.__scatterload_null)
    i.__scatterload_zeroinit                 0x08003894   Section       14  handlers.o(i.__scatterload_zeroinit)
    i.__set_errno                            0x080038a4   Section        0  errno.o(i.__set_errno)
    i._printf_core                           0x080038b0   Section        0  printfb.o(i._printf_core)
    _printf_core                             0x080038b1   Thumb Code    34  printfb.o(i._printf_core)
    i.asin                                   0x080038d4   Section        0  asin.o(i.asin)
    i.atan                                   0x08003b44   Section        0  atan.o(i.atan)
    i.atan2                                  0x08003d64   Section        0  atan2.o(i.atan2)
    i.fputc                                  0x08003f00   Section        0  usart.o(i.fputc)
    i.invSqrt                                0x08003f24   Section        0  imu.o(i.invSqrt)
    invSqrt                                  0x08003f25   Thumb Code    72  imu.o(i.invSqrt)
    i.main                                   0x08003f70   Section        0  main.o(i.main)
    i.sqrt                                   0x08003f7c   Section        0  sqrt.o(i.sqrt)
    .constdata                               0x08003fc8   Section       36  imu.o(.constdata)
    .constdata                               0x08003ff0   Section       80  asin.o(.constdata)
    pS                                       0x08003ff0   Data          48  asin.o(.constdata)
    qS                                       0x08004020   Data          32  asin.o(.constdata)
    .constdata                               0x08004040   Section      152  atan.o(.constdata)
    atanhi                                   0x08004040   Data          32  atan.o(.constdata)
    atanlo                                   0x08004060   Data          32  atan.o(.constdata)
    aTodd                                    0x08004080   Data          40  atan.o(.constdata)
    aTeven                                   0x080040a8   Data          48  atan.o(.constdata)
    .constdata                               0x080040d8   Section        8  qnan.o(.constdata)
    .data                                    0x20000000   Section       20  stm32f10x_it.o(.data)
    ms2                                      0x20000008   Data           2  stm32f10x_it.o(.data)
    ms5                                      0x2000000a   Data           2  stm32f10x_it.o(.data)
    ms10                                     0x2000000c   Data           2  stm32f10x_it.o(.data)
    ms100                                    0x2000000e   Data           2  stm32f10x_it.o(.data)
    ms200                                    0x20000010   Data           2  stm32f10x_it.o(.data)
    ms400                                    0x20000012   Data           2  stm32f10x_it.o(.data)
    .data                                    0x20000014   Section        1  led.o(.data)
    .data                                    0x20000016   Section        4  delay.o(.data)
    D_us                                     0x20000016   Data           1  delay.o(.data)
    D_ms                                     0x20000018   Data           2  delay.o(.data)
    .data                                    0x2000001c   Section       46  mpu6050.o(.data)
    tempgx                                   0x20000038   Data           4  mpu6050.o(.data)
    tempgy                                   0x2000003c   Data           4  mpu6050.o(.data)
    tempgz                                   0x20000040   Data           4  mpu6050.o(.data)
    led_mode                                 0x20000044   Data           4  mpu6050.o(.data)
    cnt_a                                    0x20000048   Data           2  mpu6050.o(.data)
    .data                                    0x2000004a   Section       14  filter.o(.data)
    cnt                                      0x2000004a   Data           1  filter.o(.data)
    flag                                     0x2000004b   Data           1  filter.o(.data)
    cnt                                      0x2000004c   Data           1  filter.o(.data)
    flag                                     0x2000004d   Data           1  filter.o(.data)
    cnt                                      0x2000004e   Data           1  filter.o(.data)
    flag                                     0x2000004f   Data           1  filter.o(.data)
    cnt                                      0x20000050   Data           1  filter.o(.data)
    flag                                     0x20000051   Data           1  filter.o(.data)
    cnt                                      0x20000052   Data           1  filter.o(.data)
    flag                                     0x20000053   Data           1  filter.o(.data)
    cnt                                      0x20000054   Data           1  filter.o(.data)
    flag                                     0x20000055   Data           1  filter.o(.data)
    cnt                                      0x20000056   Data           1  filter.o(.data)
    flag                                     0x20000057   Data           1  filter.o(.data)
    .data                                    0x20000058   Section       33  imu.o(.data)
    IIR_mode                                 0x20000078   Data           1  imu.o(.data)
    .data                                    0x2000007c   Section       40  control.o(.data)
    .data                                    0x200000a4   Section       40  rc.o(.data)
    .data                                    0x200000cc   Section       20  stm32f10x_rcc.o(.data)
    APBAHBPrescTable                         0x200000cc   Data          16  stm32f10x_rcc.o(.data)
    ADCPrescTable                            0x200000dc   Data           4  stm32f10x_rcc.o(.data)
    .data                                    0x200000e0   Section       20  system_stm32f10x.o(.data)
    .data                                    0x200000f4   Section        4  stdout.o(.data)
    .data                                    0x200000f8   Section        4  errno.o(.data)
    _errno                                   0x200000f8   Data           4  errno.o(.data)
    .bss                                     0x200000fc   Section       14  mpu6050.o(.bss)
    MPU6050_buff                             0x200000fc   Data          14  mpu6050.o(.bss)
    .bss                                     0x2000010c   Section     1280  filter.o(.bss)
    buf                                      0x2000010c   Data          80  filter.o(.bss)
    buf                                      0x2000015c   Data          80  filter.o(.bss)
    bufx                                     0x200001ac   Data          80  filter.o(.bss)
    bufy                                     0x200001fc   Data          80  filter.o(.bss)
    bufz                                     0x2000024c   Data          80  filter.o(.bss)
    bufax                                    0x2000029c   Data          80  filter.o(.bss)
    bufay                                    0x200002ec   Data          80  filter.o(.bss)
    bufaz                                    0x2000033c   Data          80  filter.o(.bss)
    bufgx                                    0x2000038c   Data          80  filter.o(.bss)
    bufgy                                    0x200003dc   Data          80  filter.o(.bss)
    bufgz                                    0x2000042c   Data          80  filter.o(.bss)
    bufax                                    0x2000047c   Data          80  filter.o(.bss)
    bufay                                    0x200004cc   Data          80  filter.o(.bss)
    bufaz                                    0x2000051c   Data          80  filter.o(.bss)
    buf                                      0x2000056c   Data          80  filter.o(.bss)
    buf                                      0x200005bc   Data          80  filter.o(.bss)
    .bss                                     0x2000060c   Section      120  imu.o(.bss)
    .bss                                     0x20000684   Section      360  control.o(.bss)
    .bss                                     0x200007ec   Section       10  rc.o(.bss)
    STACK                                    0x200007f8   Section     1024  startup_stm32f10x_md.o(STACK)

    Global Symbols

    Symbol Name                              Value     Ov Type        Size  Object(Section)

    BuildAttributes$$THM_ISAv4$P$D$K$B$S$PE$A:L22UL41UL21$X:L11$S22US41US21$IEEE1$IW$USESV6$~STKCKD$USESV7$~SHL$OTIME$ROPI$IEEEX$EBA8$MICROLIB$REQ8$PRES8$EABIv2 0x00000000   Number         0  anon$$obj.o ABSOLUTE
    __ARM_use_no_argv                        0x00000000   Number         0  main.o ABSOLUTE
    __arm_fini_                               - Undefined Weak Reference
    __cpp_initialize__aeabi_                  - Undefined Weak Reference
    __cxa_finalize                            - Undefined Weak Reference
    __decompress                              - Undefined Weak Reference
    _clock_init                               - Undefined Weak Reference
    _microlib_exit                            - Undefined Weak Reference
    __Vectors_Size                           0x000000ec   Number         0  startup_stm32f10x_md.o ABSOLUTE
    __Vectors                                0x08000000   Data           4  startup_stm32f10x_md.o(RESET)
    __Vectors_End                            0x080000ec   Data           0  startup_stm32f10x_md.o(RESET)
    __main                                   0x080000ed   Thumb Code     0  entry.o(.ARM.Collect$$$$00000000)
    _main_stk                                0x080000ed   Thumb Code     0  entry2.o(.ARM.Collect$$$$00000001)
    _main_scatterload                        0x080000f1   Thumb Code     0  entry5.o(.ARM.Collect$$$$00000004)
    __main_after_scatterload                 0x080000f5   Thumb Code     0  entry5.o(.ARM.Collect$$$$00000004)
    _main_clock                              0x080000f5   Thumb Code     0  entry7b.o(.ARM.Collect$$$$00000008)
    _main_cpp_init                           0x080000f5   Thumb Code     0  entry8b.o(.ARM.Collect$$$$0000000A)
    _main_init                               0x080000f5   Thumb Code     0  entry9a.o(.ARM.Collect$$$$0000000B)
    __rt_lib_shutdown_fini                   0x080000fd   Thumb Code     0  entry12b.o(.ARM.Collect$$$$0000000E)
    __rt_final_cpp                           0x08000101   Thumb Code     0  entry10a.o(.ARM.Collect$$$$0000000F)
    __rt_final_exit                          0x08000101   Thumb Code     0  entry11a.o(.ARM.Collect$$$$00000011)
    Reset_Handler                            0x08000105   Thumb Code     8  startup_stm32f10x_md.o(.text)
    NMI_Handler                              0x0800010d   Thumb Code     2  startup_stm32f10x_md.o(.text)
    HardFault_Handler                        0x0800010f   Thumb Code     2  startup_stm32f10x_md.o(.text)
    MemManage_Handler                        0x08000111   Thumb Code     2  startup_stm32f10x_md.o(.text)
    BusFault_Handler                         0x08000113   Thumb Code     2  startup_stm32f10x_md.o(.text)
    UsageFault_Handler                       0x08000115   Thumb Code     2  startup_stm32f10x_md.o(.text)
    SVC_Handler                              0x08000117   Thumb Code     2  startup_stm32f10x_md.o(.text)
    DebugMon_Handler                         0x08000119   Thumb Code     2  startup_stm32f10x_md.o(.text)
    PendSV_Handler                           0x0800011b   Thumb Code     2  startup_stm32f10x_md.o(.text)
    SysTick_Handler                          0x0800011d   Thumb Code     2  startup_stm32f10x_md.o(.text)
    ADC1_2_IRQHandler                        0x0800011f   Thumb Code     0  startup_stm32f10x_md.o(.text)
    CAN1_RX1_IRQHandler                      0x0800011f   Thumb Code     0  startup_stm32f10x_md.o(.text)
    CAN1_SCE_IRQHandler                      0x0800011f   Thumb Code     0  startup_stm32f10x_md.o(.text)
    DMA1_Channel1_IRQHandler                 0x0800011f   Thumb Code     0  startup_stm32f10x_md.o(.text)
    DMA1_Channel2_IRQHandler                 0x0800011f   Thumb Code     0  startup_stm32f10x_md.o(.text)
    DMA1_Channel3_IRQHandler                 0x0800011f   Thumb Code     0  startup_stm32f10x_md.o(.text)
    DMA1_Channel4_IRQHandler                 0x0800011f   Thumb Code     0  startup_stm32f10x_md.o(.text)
    DMA1_Channel5_IRQHandler                 0x0800011f   Thumb Code     0  startup_stm32f10x_md.o(.text)
    DMA1_Channel6_IRQHandler                 0x0800011f   Thumb Code     0  startup_stm32f10x_md.o(.text)
    DMA1_Channel7_IRQHandler                 0x0800011f   Thumb Code     0  startup_stm32f10x_md.o(.text)
    EXTI0_IRQHandler                         0x0800011f   Thumb Code     0  startup_stm32f10x_md.o(.text)
    EXTI15_10_IRQHandler                     0x0800011f   Thumb Code     0  startup_stm32f10x_md.o(.text)
    EXTI1_IRQHandler                         0x0800011f   Thumb Code     0  startup_stm32f10x_md.o(.text)
    EXTI2_IRQHandler                         0x0800011f   Thumb Code     0  startup_stm32f10x_md.o(.text)
    EXTI3_IRQHandler                         0x0800011f   Thumb Code     0  startup_stm32f10x_md.o(.text)
    EXTI4_IRQHandler                         0x0800011f   Thumb Code     0  startup_stm32f10x_md.o(.text)
    EXTI9_5_IRQHandler                       0x0800011f   Thumb Code     0  startup_stm32f10x_md.o(.text)
    FLASH_IRQHandler                         0x0800011f   Thumb Code     0  startup_stm32f10x_md.o(.text)
    I2C1_ER_IRQHandler                       0x0800011f   Thumb Code     0  startup_stm32f10x_md.o(.text)
    I2C1_EV_IRQHandler                       0x0800011f   Thumb Code     0  startup_stm32f10x_md.o(.text)
    I2C2_ER_IRQHandler                       0x0800011f   Thumb Code     0  startup_stm32f10x_md.o(.text)
    I2C2_EV_IRQHandler                       0x0800011f   Thumb Code     0  startup_stm32f10x_md.o(.text)
    PVD_IRQHandler                           0x0800011f   Thumb Code     0  startup_stm32f10x_md.o(.text)
    RCC_IRQHandler                           0x0800011f   Thumb Code     0  startup_stm32f10x_md.o(.text)
    RTCAlarm_IRQHandler                      0x0800011f   Thumb Code     0  startup_stm32f10x_md.o(.text)
    RTC_IRQHandler                           0x0800011f   Thumb Code     0  startup_stm32f10x_md.o(.text)
    SPI1_IRQHandler                          0x0800011f   Thumb Code     0  startup_stm32f10x_md.o(.text)
    SPI2_IRQHandler                          0x0800011f   Thumb Code     0  startup_stm32f10x_md.o(.text)
    TAMPER_IRQHandler                        0x0800011f   Thumb Code     0  startup_stm32f10x_md.o(.text)
    TIM1_BRK_IRQHandler                      0x0800011f   Thumb Code     0  startup_stm32f10x_md.o(.text)
    TIM1_TRG_COM_IRQHandler                  0x0800011f   Thumb Code     0  startup_stm32f10x_md.o(.text)
    TIM1_UP_IRQHandler                       0x0800011f   Thumb Code     0  startup_stm32f10x_md.o(.text)
    TIM3_IRQHandler                          0x0800011f   Thumb Code     0  startup_stm32f10x_md.o(.text)
    USART2_IRQHandler                        0x0800011f   Thumb Code     0  startup_stm32f10x_md.o(.text)
    USART3_IRQHandler                        0x0800011f   Thumb Code     0  startup_stm32f10x_md.o(.text)
    USBWakeUp_IRQHandler                     0x0800011f   Thumb Code     0  startup_stm32f10x_md.o(.text)
    USB_HP_CAN1_TX_IRQHandler                0x0800011f   Thumb Code     0  startup_stm32f10x_md.o(.text)
    USB_LP_CAN1_RX0_IRQHandler               0x0800011f   Thumb Code     0  startup_stm32f10x_md.o(.text)
    WWDG_IRQHandler                          0x0800011f   Thumb Code     0  startup_stm32f10x_md.o(.text)
    __aeabi_memcpy                           0x08000129   Thumb Code    36  memcpya.o(.text)
    __aeabi_memcpy4                          0x08000129   Thumb Code     0  memcpya.o(.text)
    __aeabi_memcpy8                          0x08000129   Thumb Code     0  memcpya.o(.text)
    __aeabi_fadd                             0x0800014d   Thumb Code   164  fadd.o(.text)
    __aeabi_fsub                             0x080001f1   Thumb Code     6  fadd.o(.text)
    __aeabi_frsub                            0x080001f7   Thumb Code     6  fadd.o(.text)
    __aeabi_fmul                             0x080001fd   Thumb Code   100  fmul.o(.text)
    __aeabi_fdiv                             0x08000261   Thumb Code   124  fdiv.o(.text)
    __aeabi_dmul                             0x080002dd   Thumb Code   228  dmul.o(.text)
    __aeabi_ddiv                             0x080003c1   Thumb Code   222  ddiv.o(.text)
    __aeabi_i2f                              0x0800049f   Thumb Code    18  fflti.o(.text)
    __aeabi_ui2f                             0x080004b1   Thumb Code    10  ffltui.o(.text)
    __aeabi_f2iz                             0x080004bb   Thumb Code    50  ffixi.o(.text)
    __aeabi_f2d                              0x080004ed   Thumb Code    38  f2d.o(.text)
    __aeabi_d2f                              0x08000513   Thumb Code    56  d2f.o(.text)
    __aeabi_cfcmpeq                          0x0800054d   Thumb Code     0  cfcmple.o(.text)
    __aeabi_cfcmple                          0x0800054d   Thumb Code    20  cfcmple.o(.text)
    __aeabi_cfrcmple                         0x08000561   Thumb Code    20  cfrcmple.o(.text)
    __I$use$fp                               0x08000575   Thumb Code     0  iusefp.o(.text)
    _float_round                             0x08000575   Thumb Code    18  fepilogue.o(.text)
    _float_epilogue                          0x08000587   Thumb Code    92  fepilogue.o(.text)
    _double_round                            0x080005e3   Thumb Code    30  depilogue.o(.text)
    _double_epilogue                         0x08000601   Thumb Code   156  depilogue.o(.text)
    __aeabi_dadd                             0x0800069d   Thumb Code   322  dadd.o(.text)
    __aeabi_dsub                             0x080007df   Thumb Code     6  dadd.o(.text)
    __aeabi_drsub                            0x080007e5   Thumb Code     6  dadd.o(.text)
    __ARM_scalbn                             0x080007eb   Thumb Code    46  dscalb.o(.text)
    scalbn                                   0x080007eb   Thumb Code     0  dscalb.o(.text)
    __aeabi_cdcmpeq                          0x08000819   Thumb Code     0  cdcmple.o(.text)
    __aeabi_cdcmple                          0x08000819   Thumb Code    48  cdcmple.o(.text)
    __scatterload                            0x08000849   Thumb Code    28  init.o(.text)
    __scatterload_rt2                        0x08000849   Thumb Code     0  init.o(.text)
    __aeabi_llsl                             0x0800086d   Thumb Code    30  llshl.o(.text)
    _ll_shift_l                              0x0800086d   Thumb Code     0  llshl.o(.text)
    __aeabi_llsr                             0x0800088b   Thumb Code    32  llushr.o(.text)
    _ll_ushift_r                             0x0800088b   Thumb Code     0  llushr.o(.text)
    __aeabi_lasr                             0x080008ab   Thumb Code    36  llsshr.o(.text)
    _ll_sshift_r                             0x080008ab   Thumb Code     0  llsshr.o(.text)
    _dsqrt                                   0x080008cf   Thumb Code   162  dsqrt.o(.text)
    Control                                  0x08000971   Thumb Code   750  control.o(i.Control)
    Delay_Init                               0x08000cb1   Thumb Code    50  delay.o(i.Delay_Init)
    Delay_ms                                 0x08000cf5   Thumb Code    66  delay.o(i.Delay_ms)
    Delay_us                                 0x08000d3d   Thumb Code    66  delay.o(i.Delay_us)
    FindPos                                  0x08000d85   Thumb Code    90  filter.o(i.FindPos)
    GENERAL_TIM_Init                         0x08000e09   Thumb Code    12  rc.o(i.GENERAL_TIM_Init)
    GPIO_Init                                0x08000f69   Thumb Code   278  stm32f10x_gpio.o(i.GPIO_Init)
    GPIO_ResetBits                           0x0800107f   Thumb Code     4  stm32f10x_gpio.o(i.GPIO_ResetBits)
    GPIO_SetBits                             0x08001083   Thumb Code     4  stm32f10x_gpio.o(i.GPIO_SetBits)
    IIC_Ack                                  0x08001089   Thumb Code    46  iic.o(i.IIC_Ack)
    IIC_GPIO_Init                            0x080010bd   Thumb Code    46  iic.o(i.IIC_GPIO_Init)
    IIC_NAck                                 0x080010f1   Thumb Code    48  iic.o(i.IIC_NAck)
    IIC_ReadByte                             0x08001125   Thumb Code    84  iic.o(i.IIC_ReadByte)
    IIC_ReadByteFromSlave                    0x0800117d   Thumb Code    74  iic.o(i.IIC_ReadByteFromSlave)
    IIC_ReadMultByteFromSlave                0x080011c7   Thumb Code   114  iic.o(i.IIC_ReadMultByteFromSlave)
    IIC_SendByte                             0x08001239   Thumb Code    86  iic.o(i.IIC_SendByte)
    IIC_Start                                0x08001295   Thumb Code    46  iic.o(i.IIC_Start)
    IIC_Stop                                 0x080012c9   Thumb Code    42  iic.o(i.IIC_Stop)
    IIC_WaitAck                              0x080012f9   Thumb Code    76  iic.o(i.IIC_WaitAck)
    IIC_WriteByteToSlave                     0x08001349   Thumb Code    70  iic.o(i.IIC_WriteByteToSlave)
    IMUupdate                                0x08001391   Thumb Code  1536  imu.o(i.IMUupdate)
    LEDB_3                                   0x080019a9   Thumb Code   124  led.o(i.LEDB_3)
    LEDR_2                                   0x08001a29   Thumb Code    84  led.o(i.LEDR_2)
    LED_Init                                 0x08001a81   Thumb Code    70  led.o(i.LED_Init)
    MOTOR_Init                               0x08001acd   Thumb Code   268  motor.o(i.MOTOR_Init)
    MPU6050_Check                            0x08001be5   Thumb Code    20  mpu6050.o(i.MPU6050_Check)
    MPU6050_Init                             0x08001c15   Thumb Code    78  mpu6050.o(i.MPU6050_Init)
    MPU6050_OffSet                           0x08001c65   Thumb Code   272  mpu6050.o(i.MPU6050_OffSet)
    MPU6050_Offset                           0x08001d8d   Thumb Code   256  mpu6050.o(i.MPU6050_Offset)
    MPU6050_Read                             0x08001ea5   Thumb Code    14  mpu6050.o(i.MPU6050_Read)
    MPU6050_ReadByte                         0x08001eb9   Thumb Code    26  mpu6050.o(i.MPU6050_ReadByte)
    MPU6050_ReadMultBytes                    0x08001ed3   Thumb Code    30  mpu6050.o(i.MPU6050_ReadMultBytes)
    MPU6050_WriteByte                        0x08001ef1   Thumb Code    26  mpu6050.o(i.MPU6050_WriteByte)
    MPU6050_getDeviceID                      0x08001f0b   Thumb Code    16  mpu6050.o(i.MPU6050_getDeviceID)
    MPU6050_testConnection                   0x08001f1b   Thumb Code    18  mpu6050.o(i.MPU6050_testConnection)
    Moto_Pwm                                 0x08001f2d   Thumb Code   100  motor.o(i.Moto_Pwm)
    NVIC_Init                                0x08001f95   Thumb Code   100  misc.o(i.NVIC_Init)
    NVIC_PriorityGroupConfig                 0x08002005   Thumb Code    10  misc.o(i.NVIC_PriorityGroupConfig)
    NvicConfig                               0x08002019   Thumb Code   180  nvic.o(i.NvicConfig)
    PID_Postion_Cal                          0x080020cd   Thumb Code   218  pid.o(i.PID_Postion_Cal)
    PidParameter_init                        0x080021ad   Thumb Code   166  pid.o(i.PidParameter_init)
    Prepare_Data                             0x0800228d   Thumb Code   340  imu.o(i.Prepare_Data)
    QuiteSort                                0x08002415   Thumb Code    56  filter.o(i.QuiteSort)
    RCC_APB1PeriphClockCmd                   0x0800244d   Thumb Code    26  stm32f10x_rcc.o(i.RCC_APB1PeriphClockCmd)
    RCC_APB2PeriphClockCmd                   0x0800246d   Thumb Code    26  stm32f10x_rcc.o(i.RCC_APB2PeriphClockCmd)
    RCC_GetClocksFreq                        0x0800248d   Thumb Code   192  stm32f10x_rcc.o(i.RCC_GetClocksFreq)
    Remote_Data_ReceiveAnalysis              0x08002561   Thumb Code   148  rc.o(i.Remote_Data_ReceiveAnalysis)
    SDA_IN                                   0x08002609   Thumb Code    32  iic.o(i.SDA_IN)
    SDA_OUT                                  0x0800262d   Thumb Code    38  iic.o(i.SDA_OUT)
    SortAver_FilterXYZ                       0x08002741   Thumb Code   264  filter.o(i.SortAver_FilterXYZ)
    SysTick_CLKSourceConfig                  0x0800285d   Thumb Code    40  misc.o(i.SysTick_CLKSourceConfig)
    SystemInit                               0x08002885   Thumb Code    78  system_stm32f10x.o(i.SystemInit)
    System_Init                              0x080028e5   Thumb Code    48  system.o(i.System_Init)
    TIM1_CC_IRQHandler                       0x08002b55   Thumb Code   136  stm32f10x_it.o(i.TIM1_CC_IRQHandler)
    TIM2_IRQHandler                          0x08002be9   Thumb Code   362  stm32f10x_it.o(i.TIM2_IRQHandler)
    TIM4_IRQHandler                          0x08002d65   Thumb Code   188  stm32f10x_it.o(i.TIM4_IRQHandler)
    TIM_ClearFlag                            0x08002e49   Thumb Code     6  stm32f10x_tim.o(i.TIM_ClearFlag)
    TIM_ClearITPendingBit                    0x08002e4f   Thumb Code     6  stm32f10x_tim.o(i.TIM_ClearITPendingBit)
    TIM_Cmd                                  0x08002e55   Thumb Code    24  stm32f10x_tim.o(i.TIM_Cmd)
    TIM_GetCapture1                          0x08002e6d   Thumb Code     6  stm32f10x_tim.o(i.TIM_GetCapture1)
    TIM_GetCapture2                          0x08002e73   Thumb Code     6  stm32f10x_tim.o(i.TIM_GetCapture2)
    TIM_GetCapture3                          0x08002e79   Thumb Code     6  stm32f10x_tim.o(i.TIM_GetCapture3)
    TIM_GetCapture4                          0x08002e7f   Thumb Code     8  stm32f10x_tim.o(i.TIM_GetCapture4)
    TIM_GetITStatus                          0x08002e87   Thumb Code    34  stm32f10x_tim.o(i.TIM_GetITStatus)
    TIM_ICInit                               0x08002ea9   Thumb Code   150  stm32f10x_tim.o(i.TIM_ICInit)
    TIM_ITConfig                             0x08002f55   Thumb Code    18  stm32f10x_tim.o(i.TIM_ITConfig)
    TIM_Init                                 0x08002f69   Thumb Code    62  tim.o(i.TIM_Init)
    TIM_OC1Init                              0x08002fad   Thumb Code   132  stm32f10x_tim.o(i.TIM_OC1Init)
    TIM_OC1PolarityConfig                    0x08003045   Thumb Code    18  stm32f10x_tim.o(i.TIM_OC1PolarityConfig)
    TIM_OC1PreloadConfig                     0x08003057   Thumb Code    18  stm32f10x_tim.o(i.TIM_OC1PreloadConfig)
    TIM_OC2Init                              0x08003069   Thumb Code   154  stm32f10x_tim.o(i.TIM_OC2Init)
    TIM_OC2PolarityConfig                    0x0800310d   Thumb Code    26  stm32f10x_tim.o(i.TIM_OC2PolarityConfig)
    TIM_OC2PreloadConfig                     0x08003127   Thumb Code    26  stm32f10x_tim.o(i.TIM_OC2PreloadConfig)
    TIM_OC3Init                              0x08003141   Thumb Code   150  stm32f10x_tim.o(i.TIM_OC3Init)
    TIM_OC3PolarityConfig                    0x080031e1   Thumb Code    26  stm32f10x_tim.o(i.TIM_OC3PolarityConfig)
    TIM_OC3PreloadConfig                     0x080031fb   Thumb Code    18  stm32f10x_tim.o(i.TIM_OC3PreloadConfig)
    TIM_OC4Init                              0x0800320d   Thumb Code   114  stm32f10x_tim.o(i.TIM_OC4Init)
    TIM_OC4PolarityConfig                    0x08003289   Thumb Code    26  stm32f10x_tim.o(i.TIM_OC4PolarityConfig)
    TIM_OC4PreloadConfig                     0x080032a3   Thumb Code    26  stm32f10x_tim.o(i.TIM_OC4PreloadConfig)
    TIM_SetIC1Prescaler                      0x080032bd   Thumb Code    18  stm32f10x_tim.o(i.TIM_SetIC1Prescaler)
    TIM_SetIC2Prescaler                      0x080032cf   Thumb Code    26  stm32f10x_tim.o(i.TIM_SetIC2Prescaler)
    TIM_SetIC3Prescaler                      0x080032e9   Thumb Code    18  stm32f10x_tim.o(i.TIM_SetIC3Prescaler)
    TIM_SetIC4Prescaler                      0x080032fb   Thumb Code    26  stm32f10x_tim.o(i.TIM_SetIC4Prescaler)
    TIM_TimeBaseInit                         0x08003315   Thumb Code   122  stm32f10x_tim.o(i.TIM_TimeBaseInit)
    Task_Schedule                            0x080033b9   Thumb Code   246  system.o(i.Task_Schedule)
    USART1_IRQHandler                        0x080034dd   Thumb Code    54  stm32f10x_it.o(i.USART1_IRQHandler)
    USART_ClearITPendingBit                  0x08003519   Thumb Code    30  stm32f10x_usart.o(i.USART_ClearITPendingBit)
    USART_Cmd                                0x08003537   Thumb Code    24  stm32f10x_usart.o(i.USART_Cmd)
    USART_GetFlagStatus                      0x0800354f   Thumb Code    26  stm32f10x_usart.o(i.USART_GetFlagStatus)
    USART_GetITStatus                        0x08003569   Thumb Code    84  stm32f10x_usart.o(i.USART_GetITStatus)
    USART_ITConfig                           0x080035bd   Thumb Code    74  stm32f10x_usart.o(i.USART_ITConfig)
    USART_Init                               0x08003609   Thumb Code   210  stm32f10x_usart.o(i.USART_Init)
    USART_SendData                           0x080036e1   Thumb Code     8  stm32f10x_usart.o(i.USART_SendData)
    USART_init                               0x080036e9   Thumb Code   138  usart.o(i.USART_init)
    __0printf$bare                           0x0800377d   Thumb Code     8  printfb.o(i.__0printf$bare)
    __1printf$bare                           0x0800377d   Thumb Code     0  printfb.o(i.__0printf$bare)
    __2printf                                0x0800377d   Thumb Code     0  printfb.o(i.__0printf$bare)
    __ARM_fpclassify                         0x0800378d   Thumb Code    40  fpclassify.o(i.__ARM_fpclassify)
    __kernel_poly                            0x080037b5   Thumb Code   170  poly.o(i.__kernel_poly)
    __mathlib_dbl_infnan                     0x0800385f   Thumb Code     6  dunder.o(i.__mathlib_dbl_infnan)
    __mathlib_dbl_infnan2                    0x08003865   Thumb Code     4  dunder.o(i.__mathlib_dbl_infnan2)
    __mathlib_dbl_invalid                    0x08003869   Thumb Code    12  dunder.o(i.__mathlib_dbl_invalid)
    __mathlib_dbl_underflow                  0x08003875   Thumb Code    10  dunder.o(i.__mathlib_dbl_underflow)
    __scatterload_copy                       0x08003885   Thumb Code    14  handlers.o(i.__scatterload_copy)
    __scatterload_null                       0x08003893   Thumb Code     2  handlers.o(i.__scatterload_null)
    __scatterload_zeroinit                   0x08003895   Thumb Code    14  handlers.o(i.__scatterload_zeroinit)
    __set_errno                              0x080038a5   Thumb Code     6  errno.o(i.__set_errno)
    asin                                     0x080038d5   Thumb Code   572  asin.o(i.asin)
    atan                                     0x08003b45   Thumb Code   474  atan.o(i.atan)
    atan2                                    0x08003d65   Thumb Code   374  atan2.o(i.atan2)
    fputc                                    0x08003f01   Thumb Code    32  usart.o(i.fputc)
    main                                     0x08003f71   Thumb Code    12  main.o(i.main)
    sqrt                                     0x08003f7d   Thumb Code    76  sqrt.o(i.sqrt)
    __mathlib_zero                           0x080040d8   Data           8  qnan.o(.constdata)
    Region$$Table$$Base                      0x080040e0   Number         0  anon$$obj.o(Region$$Table)
    Region$$Table$$Limit                     0x08004100   Number         0  anon$$obj.o(Region$$Table)
    LED_Scan                                 0x20000000   Data           1  stm32f10x_it.o(.data)
    IMU_Scan                                 0x20000001   Data           1  stm32f10x_it.o(.data)
    MPU_Scan                                 0x20000002   Data           1  stm32f10x_it.o(.data)
    IRQ_Scan                                 0x20000003   Data           1  stm32f10x_it.o(.data)
    Batt_Scan                                0x20000004   Data           1  stm32f10x_it.o(.data)
    muartWaitFlag                            0x20000005   Data           1  stm32f10x_it.o(.data)
    lock                                     0x20000006   Data           1  stm32f10x_it.o(.data)
    loop                                     0x20000014   Data           1  led.o(.data)
    GYRO_OFFSET_RAW                          0x2000001c   Data           6  mpu6050.o(.data)
    ACC_OFFSET_RAW                           0x20000022   Data           6  mpu6050.o(.data)
    MPU6050_ACC_RAW                          0x20000028   Data           6  mpu6050.o(.data)
    MPU6050_GYRO_RAW                         0x2000002e   Data           6  mpu6050.o(.data)
    SENSER_OFFSET_FLAG                       0x20000034   Data           1  mpu6050.o(.data)
    AccbUpdate                               0x20000058   Data           1  imu.o(.data)
    q0                                       0x2000005c   Data           4  imu.o(.data)
    q1                                       0x20000060   Data           4  imu.o(.data)
    q2                                       0x20000064   Data           4  imu.o(.data)
    q3                                       0x20000068   Data           4  imu.o(.data)
    exInt                                    0x2000006c   Data           4  imu.o(.data)
    eyInt                                    0x20000070   Data           4  imu.o(.data)
    ezInt                                    0x20000074   Data           4  imu.o(.data)
    Pre_THROTTLE                             0x2000007c   Data           4  control.o(.data)
    THROTTLE                                 0x20000080   Data           4  control.o(.data)
    Moto_PWM_1                               0x20000084   Data           4  control.o(.data)
    Moto_PWM_2                               0x20000088   Data           4  control.o(.data)
    Moto_PWM_3                               0x2000008c   Data           4  control.o(.data)
    Moto_PWM_4                               0x20000090   Data           4  control.o(.data)
    SI24R1_Controlflag                       0x20000094   Data           1  control.o(.data)
    Airplane_Enable                          0x20000095   Data           1  control.o(.data)
    RC_middle                                0x20000096   Data           1  control.o(.data)
    RC_middle_num                            0x20000097   Data           1  control.o(.data)
    RC_ROLL_mid                              0x20000098   Data           4  control.o(.data)
    RC_PITCH_mid                             0x2000009c   Data           4  control.o(.data)
    RC_YAW_mid                               0x200000a0   Data           4  control.o(.data)
    TIM_ICUserValueStructure_1               0x200000a4   Data           8  rc.o(.data)
    TIM_ICUserValueStructure_2               0x200000ac   Data           8  rc.o(.data)
    TIM_ICUserValueStructure_3               0x200000b4   Data           8  rc.o(.data)
    TIM_ICUserValueStructure_4               0x200000bc   Data           8  rc.o(.data)
    TIM_ICUserValueStructure_5               0x200000c4   Data           8  rc.o(.data)
    SystemCoreClock                          0x200000e0   Data           4  system_stm32f10x.o(.data)
    AHBPrescTable                            0x200000e4   Data          16  system_stm32f10x.o(.data)
    __stdout                                 0x200000f4   Data           4  stdout.o(.data)
    Att_Angle                                0x2000060c   Data          12  imu.o(.bss)
    Gyr_rad                                  0x20000618   Data          12  imu.o(.bss)
    Gyr_radold                               0x20000624   Data          12  imu.o(.bss)
    Acc_filt                                 0x20000630   Data          12  imu.o(.bss)
    Gry_filt                                 0x2000063c   Data          12  imu.o(.bss)
    Acc_filtold                              0x20000648   Data          12  imu.o(.bss)
    accb                                     0x20000654   Data          12  imu.o(.bss)
    DCMgb                                    0x20000660   Data          36  imu.o(.bss)
    PID_ROL_Angle                            0x20000684   Data          60  control.o(.bss)
    PID_PIT_Angle                            0x200006c0   Data          60  control.o(.bss)
    PID_YAW_Angle                            0x200006fc   Data          60  control.o(.bss)
    PID_ROL_Rate                             0x20000738   Data          60  control.o(.bss)
    PID_PIT_Rate                             0x20000774   Data          60  control.o(.bss)
    PID_YAW_Rate                             0x200007b0   Data          60  control.o(.bss)
    RC_Control                               0x200007ec   Data          10  rc.o(.bss)
    __initial_sp                             0x20000bf8   Data           0  startup_stm32f10x_md.o(STACK)



==============================================================================

Memory Map of the image

  Image Entry point : 0x080000ed

  Load Region LR_IROM1 (Base: 0x08000000, Size: 0x000041fc, Max: 0x00010000, ABSOLUTE)

    Execution Region ER_IROM1 (Exec base: 0x08000000, Load base: 0x08000000, Size: 0x00004100, Max: 0x00010000, ABSOLUTE)

    Exec Addr    Load Addr    Size         Type   Attr      Idx    E Section Name        Object

    0x08000000   0x08000000   0x000000ec   Data   RO         2744    RESET               startup_stm32f10x_md.o
    0x080000ec   0x080000ec   0x00000000   Code   RO         2813  * .ARM.Collect$$$$00000000  mc_w.l(entry.o)
    0x080000ec   0x080000ec   0x00000004   Code   RO         3141    .ARM.Collect$$$$00000001  mc_w.l(entry2.o)
    0x080000f0   0x080000f0   0x00000004   Code   RO         3144    .ARM.Collect$$$$00000004  mc_w.l(entry5.o)
    0x080000f4   0x080000f4   0x00000000   Code   RO         3146    .ARM.Collect$$$$00000008  mc_w.l(entry7b.o)
    0x080000f4   0x080000f4   0x00000000   Code   RO         3148    .ARM.Collect$$$$0000000A  mc_w.l(entry8b.o)
    0x080000f4   0x080000f4   0x00000008   Code   RO         3149    .ARM.Collect$$$$0000000B  mc_w.l(entry9a.o)
    0x080000fc   0x080000fc   0x00000004   Code   RO         3156    .ARM.Collect$$$$0000000E  mc_w.l(entry12b.o)
    0x08000100   0x08000100   0x00000000   Code   RO         3151    .ARM.Collect$$$$0000000F  mc_w.l(entry10a.o)
    0x08000100   0x08000100   0x00000000   Code   RO         3153    .ARM.Collect$$$$00000011  mc_w.l(entry11a.o)
    0x08000100   0x08000100   0x00000004   Code   RO         3142    .ARM.Collect$$$$00002712  mc_w.l(entry2.o)
    0x08000104   0x08000104   0x00000024   Code   RO         2745    .text               startup_stm32f10x_md.o
    0x08000128   0x08000128   0x00000024   Code   RO         2816    .text               mc_w.l(memcpya.o)
    0x0800014c   0x0800014c   0x000000b0   Code   RO         3080    .text               mf_w.l(fadd.o)
    0x080001fc   0x080001fc   0x00000064   Code   RO         3082    .text               mf_w.l(fmul.o)
    0x08000260   0x08000260   0x0000007c   Code   RO         3084    .text               mf_w.l(fdiv.o)
    0x080002dc   0x080002dc   0x000000e4   Code   RO         3086    .text               mf_w.l(dmul.o)
    0x080003c0   0x080003c0   0x000000de   Code   RO         3088    .text               mf_w.l(ddiv.o)
    0x0800049e   0x0800049e   0x00000012   Code   RO         3090    .text               mf_w.l(fflti.o)
    0x080004b0   0x080004b0   0x0000000a   Code   RO         3092    .text               mf_w.l(ffltui.o)
    0x080004ba   0x080004ba   0x00000032   Code   RO         3094    .text               mf_w.l(ffixi.o)
    0x080004ec   0x080004ec   0x00000026   Code   RO         3096    .text               mf_w.l(f2d.o)
    0x08000512   0x08000512   0x00000038   Code   RO         3098    .text               mf_w.l(d2f.o)
    0x0800054a   0x0800054a   0x00000002   PAD
    0x0800054c   0x0800054c   0x00000014   Code   RO         3100    .text               mf_w.l(cfcmple.o)
    0x08000560   0x08000560   0x00000014   Code   RO         3102    .text               mf_w.l(cfrcmple.o)
    0x08000574   0x08000574   0x00000000   Code   RO         3169    .text               mc_w.l(iusefp.o)
    0x08000574   0x08000574   0x0000006e   Code   RO         3170    .text               mf_w.l(fepilogue.o)
    0x080005e2   0x080005e2   0x000000ba   Code   RO         3172    .text               mf_w.l(depilogue.o)
    0x0800069c   0x0800069c   0x0000014e   Code   RO         3174    .text               mf_w.l(dadd.o)
    0x080007ea   0x080007ea   0x0000002e   Code   RO         3176    .text               mf_w.l(dscalb.o)
    0x08000818   0x08000818   0x00000030   Code   RO         3180    .text               mf_w.l(cdcmple.o)
    0x08000848   0x08000848   0x00000024   Code   RO         3184    .text               mc_w.l(init.o)
    0x0800086c   0x0800086c   0x0000001e   Code   RO         3186    .text               mc_w.l(llshl.o)
    0x0800088a   0x0800088a   0x00000020   Code   RO         3188    .text               mc_w.l(llushr.o)
    0x080008aa   0x080008aa   0x00000024   Code   RO         3190    .text               mc_w.l(llsshr.o)
    0x080008ce   0x080008ce   0x000000a2   Code   RO         3192    .text               mf_w.l(dsqrt.o)
    0x08000970   0x08000970   0x00000340   Code   RO          741    i.Control           control.o
    0x08000cb0   0x08000cb0   0x00000044   Code   RO          292    i.Delay_Init        delay.o
    0x08000cf4   0x08000cf4   0x00000048   Code   RO          293    i.Delay_ms          delay.o
    0x08000d3c   0x08000d3c   0x00000048   Code   RO          294    i.Delay_us          delay.o
    0x08000d84   0x08000d84   0x0000005a   Code   RO          576    i.FindPos           filter.o
    0x08000dde   0x08000dde   0x00000002   PAD
    0x08000de0   0x08000de0   0x00000028   Code   RO          812    i.GENERAL_TIM_GPIO_Config  rc.o
    0x08000e08   0x08000e08   0x0000000c   Code   RO          813    i.GENERAL_TIM_Init  rc.o
    0x08000e14   0x08000e14   0x00000154   Code   RO          814    i.GENERAL_TIM_Mode_Config  rc.o
    0x08000f68   0x08000f68   0x00000116   Code   RO         1505    i.GPIO_Init         stm32f10x_gpio.o
    0x0800107e   0x0800107e   0x00000004   Code   RO         1512    i.GPIO_ResetBits    stm32f10x_gpio.o
    0x08001082   0x08001082   0x00000004   Code   RO         1513    i.GPIO_SetBits      stm32f10x_gpio.o
    0x08001086   0x08001086   0x00000002   PAD
    0x08001088   0x08001088   0x00000034   Code   RO          863    i.IIC_Ack           iic.o
    0x080010bc   0x080010bc   0x00000034   Code   RO          864    i.IIC_GPIO_Init     iic.o
    0x080010f0   0x080010f0   0x00000034   Code   RO          865    i.IIC_NAck          iic.o
    0x08001124   0x08001124   0x00000058   Code   RO          866    i.IIC_ReadByte      iic.o
    0x0800117c   0x0800117c   0x0000004a   Code   RO          867    i.IIC_ReadByteFromSlave  iic.o
    0x080011c6   0x080011c6   0x00000072   Code   RO          868    i.IIC_ReadMultByteFromSlave  iic.o
    0x08001238   0x08001238   0x0000005c   Code   RO          869    i.IIC_SendByte      iic.o
    0x08001294   0x08001294   0x00000034   Code   RO          870    i.IIC_Start         iic.o
    0x080012c8   0x080012c8   0x00000030   Code   RO          871    i.IIC_Stop          iic.o
    0x080012f8   0x080012f8   0x00000050   Code   RO          872    i.IIC_WaitAck       iic.o
    0x08001348   0x08001348   0x00000046   Code   RO          873    i.IIC_WriteByteToSlave  iic.o
    0x0800138e   0x0800138e   0x00000002   PAD
    0x08001390   0x08001390   0x00000618   Code   RO          661    i.IMUupdate         imu.o
    0x080019a8   0x080019a8   0x00000080   Code   RO          209    i.LEDB_3            led.o
    0x08001a28   0x08001a28   0x00000058   Code   RO          214    i.LEDR_2            led.o
    0x08001a80   0x08001a80   0x0000004c   Code   RO          216    i.LED_Init          led.o
    0x08001acc   0x08001acc   0x00000118   Code   RO          378    i.MOTOR_Init        motor.o
    0x08001be4   0x08001be4   0x00000030   Code   RO          415    i.MPU6050_Check     mpu6050.o
    0x08001c14   0x08001c14   0x0000004e   Code   RO          417    i.MPU6050_Init      mpu6050.o
    0x08001c62   0x08001c62   0x00000002   PAD
    0x08001c64   0x08001c64   0x00000128   Code   RO          418    i.MPU6050_OffSet    mpu6050.o
    0x08001d8c   0x08001d8c   0x00000118   Code   RO          419    i.MPU6050_Offset    mpu6050.o
    0x08001ea4   0x08001ea4   0x00000014   Code   RO          420    i.MPU6050_Read      mpu6050.o
    0x08001eb8   0x08001eb8   0x0000001a   Code   RO          421    i.MPU6050_ReadByte  mpu6050.o
    0x08001ed2   0x08001ed2   0x0000001e   Code   RO          422    i.MPU6050_ReadMultBytes  mpu6050.o
    0x08001ef0   0x08001ef0   0x0000001a   Code   RO          424    i.MPU6050_WriteByte  mpu6050.o
    0x08001f0a   0x08001f0a   0x00000010   Code   RO          426    i.MPU6050_getDeviceID  mpu6050.o
    0x08001f1a   0x08001f1a   0x00000012   Code   RO          427    i.MPU6050_testConnection  mpu6050.o
    0x08001f2c   0x08001f2c   0x00000068   Code   RO          379    i.Moto_Pwm          motor.o
    0x08001f94   0x08001f94   0x00000070   Code   RO          965    i.NVIC_Init         misc.o
    0x08002004   0x08002004   0x00000014   Code   RO          966    i.NVIC_PriorityGroupConfig  misc.o
    0x08002018   0x08002018   0x000000b4   Code   RO          354    i.NvicConfig        nvic.o
    0x080020cc   0x080020cc   0x000000e0   Code   RO          708    i.PID_Postion_Cal   pid.o
    0x080021ac   0x080021ac   0x000000e0   Code   RO          709    i.PidParameter_init  pid.o
    0x0800228c   0x0800228c   0x00000188   Code   RO          662    i.Prepare_Data      imu.o
    0x08002414   0x08002414   0x00000038   Code   RO          578    i.QuiteSort         filter.o
    0x0800244c   0x0800244c   0x00000020   Code   RO         1627    i.RCC_APB1PeriphClockCmd  stm32f10x_rcc.o
    0x0800246c   0x0800246c   0x00000020   Code   RO         1629    i.RCC_APB2PeriphClockCmd  stm32f10x_rcc.o
    0x0800248c   0x0800248c   0x000000d4   Code   RO         1637    i.RCC_GetClocksFreq  stm32f10x_rcc.o
    0x08002560   0x08002560   0x000000a8   Code   RO          815    i.Remote_Data_ReceiveAnalysis  rc.o
    0x08002608   0x08002608   0x00000024   Code   RO          875    i.SDA_IN            iic.o
    0x0800262c   0x0800262c   0x0000002c   Code   RO          876    i.SDA_OUT           iic.o
    0x08002658   0x08002658   0x00000008   Code   RO         2752    i.SetSysClock       system_stm32f10x.o
    0x08002660   0x08002660   0x000000e0   Code   RO         2753    i.SetSysClockTo72   system_stm32f10x.o
    0x08002740   0x08002740   0x0000011c   Code   RO          581    i.SortAver_FilterXYZ  filter.o
    0x0800285c   0x0800285c   0x00000028   Code   RO          969    i.SysTick_CLKSourceConfig  misc.o
    0x08002884   0x08002884   0x00000060   Code   RO         2755    i.SystemInit        system_stm32f10x.o
    0x080028e4   0x080028e4   0x00000030   Code   RO          542    i.System_Init       system.o
    0x08002914   0x08002914   0x00000080   Code   RO         1993    i.TI1_Config        stm32f10x_tim.o
    0x08002994   0x08002994   0x00000098   Code   RO         1994    i.TI2_Config        stm32f10x_tim.o
    0x08002a2c   0x08002a2c   0x00000090   Code   RO         1995    i.TI3_Config        stm32f10x_tim.o
    0x08002abc   0x08002abc   0x00000098   Code   RO         1996    i.TI4_Config        stm32f10x_tim.o
    0x08002b54   0x08002b54   0x00000094   Code   RO          155    i.TIM1_CC_IRQHandler  stm32f10x_it.o
    0x08002be8   0x08002be8   0x0000017c   Code   RO          156    i.TIM2_IRQHandler   stm32f10x_it.o
    0x08002d64   0x08002d64   0x000000e4   Code   RO          157    i.TIM4_IRQHandler   stm32f10x_it.o
    0x08002e48   0x08002e48   0x00000006   Code   RO         2003    i.TIM_ClearFlag     stm32f10x_tim.o
    0x08002e4e   0x08002e4e   0x00000006   Code   RO         2004    i.TIM_ClearITPendingBit  stm32f10x_tim.o
    0x08002e54   0x08002e54   0x00000018   Code   RO         2009    i.TIM_Cmd           stm32f10x_tim.o
    0x08002e6c   0x08002e6c   0x00000006   Code   RO         2024    i.TIM_GetCapture1   stm32f10x_tim.o
    0x08002e72   0x08002e72   0x00000006   Code   RO         2025    i.TIM_GetCapture2   stm32f10x_tim.o
    0x08002e78   0x08002e78   0x00000006   Code   RO         2026    i.TIM_GetCapture3   stm32f10x_tim.o
    0x08002e7e   0x08002e7e   0x00000008   Code   RO         2027    i.TIM_GetCapture4   stm32f10x_tim.o
    0x08002e86   0x08002e86   0x00000022   Code   RO         2030    i.TIM_GetITStatus   stm32f10x_tim.o
    0x08002ea8   0x08002ea8   0x000000ac   Code   RO         2032    i.TIM_ICInit        stm32f10x_tim.o
    0x08002f54   0x08002f54   0x00000012   Code   RO         2034    i.TIM_ITConfig      stm32f10x_tim.o
    0x08002f66   0x08002f66   0x00000002   PAD
    0x08002f68   0x08002f68   0x00000044   Code   RO          330    i.TIM_Init          tim.o
    0x08002fac   0x08002fac   0x00000098   Code   RO         2038    i.TIM_OC1Init       stm32f10x_tim.o
    0x08003044   0x08003044   0x00000012   Code   RO         2040    i.TIM_OC1PolarityConfig  stm32f10x_tim.o
    0x08003056   0x08003056   0x00000012   Code   RO         2041    i.TIM_OC1PreloadConfig  stm32f10x_tim.o
    0x08003068   0x08003068   0x000000a4   Code   RO         2043    i.TIM_OC2Init       stm32f10x_tim.o
    0x0800310c   0x0800310c   0x0000001a   Code   RO         2045    i.TIM_OC2PolarityConfig  stm32f10x_tim.o
    0x08003126   0x08003126   0x0000001a   Code   RO         2046    i.TIM_OC2PreloadConfig  stm32f10x_tim.o
    0x08003140   0x08003140   0x000000a0   Code   RO         2048    i.TIM_OC3Init       stm32f10x_tim.o
    0x080031e0   0x080031e0   0x0000001a   Code   RO         2050    i.TIM_OC3PolarityConfig  stm32f10x_tim.o
    0x080031fa   0x080031fa   0x00000012   Code   RO         2051    i.TIM_OC3PreloadConfig  stm32f10x_tim.o
    0x0800320c   0x0800320c   0x0000007c   Code   RO         2053    i.TIM_OC4Init       stm32f10x_tim.o
    0x08003288   0x08003288   0x0000001a   Code   RO         2054    i.TIM_OC4PolarityConfig  stm32f10x_tim.o
    0x080032a2   0x080032a2   0x0000001a   Code   RO         2055    i.TIM_OC4PreloadConfig  stm32f10x_tim.o
    0x080032bc   0x080032bc   0x00000012   Code   RO         2075    i.TIM_SetIC1Prescaler  stm32f10x_tim.o
    0x080032ce   0x080032ce   0x0000001a   Code   RO         2076    i.TIM_SetIC2Prescaler  stm32f10x_tim.o
    0x080032e8   0x080032e8   0x00000012   Code   RO         2077    i.TIM_SetIC3Prescaler  stm32f10x_tim.o
    0x080032fa   0x080032fa   0x0000001a   Code   RO         2078    i.TIM_SetIC4Prescaler  stm32f10x_tim.o
    0x08003314   0x08003314   0x000000a4   Code   RO         2080    i.TIM_TimeBaseInit  stm32f10x_tim.o
    0x080033b8   0x080033b8   0x00000124   Code   RO          543    i.Task_Schedule     system.o
    0x080034dc   0x080034dc   0x0000003c   Code   RO          158    i.USART1_IRQHandler  stm32f10x_it.o
    0x08003518   0x08003518   0x0000001e   Code   RO         2554    i.USART_ClearITPendingBit  stm32f10x_usart.o
    0x08003536   0x08003536   0x00000018   Code   RO         2557    i.USART_Cmd         stm32f10x_usart.o
    0x0800354e   0x0800354e   0x0000001a   Code   RO         2560    i.USART_GetFlagStatus  stm32f10x_usart.o
    0x08003568   0x08003568   0x00000054   Code   RO         2561    i.USART_GetITStatus  stm32f10x_usart.o
    0x080035bc   0x080035bc   0x0000004a   Code   RO         2563    i.USART_ITConfig    stm32f10x_usart.o
    0x08003606   0x08003606   0x00000002   PAD
    0x08003608   0x08003608   0x000000d8   Code   RO         2564    i.USART_Init        stm32f10x_usart.o
    0x080036e0   0x080036e0   0x00000008   Code   RO         2574    i.USART_SendData    stm32f10x_usart.o
    0x080036e8   0x080036e8   0x00000094   Code   RO          776    i.USART_init        usart.o
    0x0800377c   0x0800377c   0x00000010   Code   RO         2821    i.__0printf$bare    mc_w.l(printfb.o)
    0x0800378c   0x0800378c   0x00000028   Code   RO         3128    i.__ARM_fpclassify  m_ws.l(fpclassify.o)
    0x080037b4   0x080037b4   0x000000aa   Code   RO         3130    i.__kernel_poly     m_ws.l(poly.o)
    0x0800385e   0x0800385e   0x00000006   Code   RO         3115    i.__mathlib_dbl_infnan  m_ws.l(dunder.o)
    0x08003864   0x08003864   0x00000004   Code   RO         3116    i.__mathlib_dbl_infnan2  m_ws.l(dunder.o)
    0x08003868   0x08003868   0x0000000c   Code   RO         3117    i.__mathlib_dbl_invalid  m_ws.l(dunder.o)
    0x08003874   0x08003874   0x00000010   Code   RO         3120    i.__mathlib_dbl_underflow  m_ws.l(dunder.o)
    0x08003884   0x08003884   0x0000000e   Code   RO         3196    i.__scatterload_copy  mc_w.l(handlers.o)
    0x08003892   0x08003892   0x00000002   Code   RO         3197    i.__scatterload_null  mc_w.l(handlers.o)
    0x08003894   0x08003894   0x0000000e   Code   RO         3198    i.__scatterload_zeroinit  mc_w.l(handlers.o)
    0x080038a2   0x080038a2   0x00000002   PAD
    0x080038a4   0x080038a4   0x0000000c   Code   RO         3164    i.__set_errno       mc_w.l(errno.o)
    0x080038b0   0x080038b0   0x00000022   Code   RO         2828    i._printf_core      mc_w.l(printfb.o)
    0x080038d2   0x080038d2   0x00000002   PAD
    0x080038d4   0x080038d4   0x00000270   Code   RO         2796    i.asin              m_ws.l(asin.o)
    0x08003b44   0x08003b44   0x00000220   Code   RO         3105    i.atan              m_ws.l(atan.o)
    0x08003d64   0x08003d64   0x0000019c   Code   RO         2806    i.atan2             m_ws.l(atan2.o)
    0x08003f00   0x08003f00   0x00000024   Code   RO          777    i.fputc             usart.o
    0x08003f24   0x08003f24   0x0000004c   Code   RO          663    i.invSqrt           imu.o
    0x08003f70   0x08003f70   0x0000000c   Code   RO            4    i.main              main.o
    0x08003f7c   0x08003f7c   0x0000004c   Code   RO         3134    i.sqrt              m_ws.l(sqrt.o)
    0x08003fc8   0x08003fc8   0x00000024   Data   RO          665    .constdata          imu.o
    0x08003fec   0x08003fec   0x00000004   PAD
    0x08003ff0   0x08003ff0   0x00000050   Data   RO         2797    .constdata          m_ws.l(asin.o)
    0x08004040   0x08004040   0x00000098   Data   RO         3106    .constdata          m_ws.l(atan.o)
    0x080040d8   0x080040d8   0x00000008   Data   RO         3132    .constdata          m_ws.l(qnan.o)
    0x080040e0   0x080040e0   0x00000020   Data   RO         3194    Region$$Table       anon$$obj.o


    Execution Region RW_IRAM1 (Exec base: 0x20000000, Load base: 0x08004100, Size: 0x00000bf8, Max: 0x00005000, ABSOLUTE)

    Exec Addr    Load Addr    Size         Type   Attr      Idx    E Section Name        Object

    0x20000000   0x08004100   0x00000014   Data   RW          159    .data               stm32f10x_it.o
    0x20000014   0x08004114   0x00000001   Data   RW          217    .data               led.o
    0x20000015   0x08004115   0x00000001   PAD
    0x20000016   0x08004116   0x00000004   Data   RW          295    .data               delay.o
    0x2000001a   0x0800411a   0x00000002   PAD
    0x2000001c   0x0800411c   0x0000002e   Data   RW          429    .data               mpu6050.o
    0x2000004a   0x0800414a   0x0000000e   Data   RW          584    .data               filter.o
    0x20000058   0x08004158   0x00000021   Data   RW          666    .data               imu.o
    0x20000079   0x08004179   0x00000003   PAD
    0x2000007c   0x0800417c   0x00000028   Data   RW          743    .data               control.o
    0x200000a4   0x080041a4   0x00000028   Data   RW          817    .data               rc.o
    0x200000cc   0x080041cc   0x00000014   Data   RW         1657    .data               stm32f10x_rcc.o
    0x200000e0   0x080041e0   0x00000014   Data   RW         2756    .data               system_stm32f10x.o
    0x200000f4   0x080041f4   0x00000004   Data   RW         3157    .data               mc_w.l(stdout.o)
    0x200000f8   0x080041f8   0x00000004   Data   RW         3165    .data               mc_w.l(errno.o)
    0x200000fc        -       0x0000000e   Zero   RW          428    .bss                mpu6050.o
    0x2000010a   0x080041fc   0x00000002   PAD
    0x2000010c        -       0x00000500   Zero   RW          583    .bss                filter.o
    0x2000060c        -       0x00000078   Zero   RW          664    .bss                imu.o
    0x20000684        -       0x00000168   Zero   RW          742    .bss                control.o
    0x200007ec        -       0x0000000a   Zero   RW          816    .bss                rc.o
    0x200007f6   0x080041fc   0x00000002   PAD
    0x200007f8        -       0x00000400   Zero   RW         2742    STACK               startup_stm32f10x_md.o


==============================================================================

Image component sizes


      Code (inc. data)   RO Data    RW Data    ZI Data      Debug   Object Name

       832         82          0         40        360       5986   control.o
       212         30          0          4          0       1579   delay.o
       430         20          0         14       1280       7412   filter.o
       854         52          0          0          0       7226   iic.o
      2028        116         36         33        120       7974   imu.o
       292         14          0          1          0       1528   led.o
        12          0          0          0          0     259692   main.o
       172         22          0          0          0       2301   misc.o
       384         16          0          0          0       1360   motor.o
       838         82          0         46         14      10305   mpu6050.o
       180          0          0          0          0        553   nvic.o
       448         64          0          0          0       1442   pid.o
       560         30          0         40         10       9115   rc.o
        36          8        236          0       1024        808   startup_stm32f10x_md.o
       286          0          0          0          0       3280   stm32f10x_gpio.o
       816         76          0         20          0       2660   stm32f10x_it.o
       276         32          0         20          0       4670   stm32f10x_rcc.o
      1898        200          0          0          0      21439   stm32f10x_tim.o
       462          6          0          0          0       6707   stm32f10x_usart.o
       340         46          0          0          0        998   system.o
       328         28          0         20          0       2249   system_stm32f10x.o
        68          6          0          0          0        463   tim.o
       184         14          0          0          0       1153   usart.o

    ----------------------------------------------------------------------
     11948        944        308        244       2812     360900   Object Totals
         0          0         32          0          0          0   (incl. Generated)
        12          0          4          6          4          0   (incl. Padding)

    ----------------------------------------------------------------------

      Code (inc. data)   RO Data    RW Data    ZI Data      Debug   Library Member Name

       624         52         80          0          0        168   asin.o
       544         70        152          0          0        124   atan.o
       412         38          0          0          0        144   atan2.o
        38          6          0          0          0        272   dunder.o
        40          0          0          0          0         68   fpclassify.o
       170          0          0          0          0         96   poly.o
         0          0          8          0          0          0   qnan.o
        76          0          0          0          0         84   sqrt.o
         0          0          0          0          0          0   entry.o
         0          0          0          0          0          0   entry10a.o
         0          0          0          0          0          0   entry11a.o
         4          0          0          0          0          0   entry12b.o
         8          4          0          0          0          0   entry2.o
         4          0          0          0          0          0   entry5.o
         0          0          0          0          0          0   entry7b.o
         0          0          0          0          0          0   entry8b.o
         8          4          0          0          0          0   entry9a.o
        12          6          0          4          0         68   errno.o
        30          0          0          0          0          0   handlers.o
        36          8          0          0          0         68   init.o
         0          0          0          0          0          0   iusefp.o
        30          0          0          0          0         68   llshl.o
        36          0          0          0          0         68   llsshr.o
        32          0          0          0          0         68   llushr.o
        36          0          0          0          0         68   memcpya.o
        50          8          0          0          0        152   printfb.o
         0          0          0          4          0          0   stdout.o
        48          0          0          0          0         68   cdcmple.o
        20          0          0          0          0         68   cfcmple.o
        20          0          0          0          0         68   cfrcmple.o
        56          0          0          0          0         88   d2f.o
       334          0          0          0          0        148   dadd.o
       222          0          0          0          0        100   ddiv.o
       186          0          0          0          0        176   depilogue.o
       228          0          0          0          0         96   dmul.o
        46          0          0          0          0         80   dscalb.o
       162          0          0          0          0        100   dsqrt.o
        38          0          0          0          0         68   f2d.o
       176          0          0          0          0        140   fadd.o
       124          0          0          0          0         88   fdiv.o
       110          0          0          0          0        168   fepilogue.o
        50          0          0          0          0         68   ffixi.o
        18          0          0          0          0         68   fflti.o
        10          0          0          0          0         68   ffltui.o
       100          0          0          0          0         76   fmul.o

    ----------------------------------------------------------------------
      4144        196        240          8          0       3252   Library Totals
         6          0          0          0          0          0   (incl. Padding)

    ----------------------------------------------------------------------

      Code (inc. data)   RO Data    RW Data    ZI Data      Debug   Library Name

      1904        166        240          0          0        956   m_ws.l
       286         30          0          8          0        560   mc_w.l
      1948          0          0          0          0       1736   mf_w.l

    ----------------------------------------------------------------------
      4144        196        240          8          0       3252   Library Totals

    ----------------------------------------------------------------------

==============================================================================


      Code (inc. data)   RO Data    RW Data    ZI Data      Debug   

     16092       1140        548        252       2812     357232   Grand Totals
     16092       1140        548        252       2812     357232   ELF Image Totals
     16092       1140        548        252          0          0   ROM Totals

==============================================================================

    Total RO  Size (Code + RO Data)                16640 (  16.25kB)
    Total RW  Size (RW Data + ZI Data)              3064 (   2.99kB)
    Total ROM Size (Code + RO Data + RW Data)      16892 (  16.50kB)

==============================================================================

